<html>
<body>
<pre>
<h1>µVision Build Log</h1>
<h2>Tool Versions:</h2>
IDE-Version: £gVision V5.41.0.0
Copyright (C) 2024 ARM Ltd and ARM Germany GmbH. All rights reserved.
License Information: admin admin admin Flex license: MDK Professional 5.41 (Flex): 4 user(s) (mdk_pro) Support: May 2026
 
Tool Versions:
Toolchain:       MDK Professional 5.41 (Flex): 4 user(s)  Version: 5.41.0.0
Toolchain Path:  C:\Keil_v5\ARM\ARMCLANG\Bin
C Compiler:      ArmClang.exe V6.22
Assembler:       Armasm.exe V6.22
Linker/Locator:  ArmLink.exe V6.22
Library Manager: ArmAr.exe V6.22
Hex Converter:   FromElf.exe V6.22
CPU DLL:         
Dialog DLL:      
Target DLL:      UL2V8M.DLL V1.7.15.0
Dialog DLL:      TCM.DLL V1.56.4.0
 
<h2>Project:</h2>
D:\SourceCode\_Avery_M2A23\M2A23BSP_ISP_CAN_APROM\SampleCode\Template\AP\Keil\Template.uvprojx
Project File Date:  05/03/2026

<h2>Output:</h2>
*** Using Compiler 'V6.22', folder: 'C:\Keil_v5\ARM\ARMCLANG\Bin'
Rebuild target 'Template'
compiling misc_config.c...
compiling system_m2a23.c...
compiling drv_can_fd.c...
compiling clk.c...
compiling main.c...
compiling timer_service.c...
assembling startup_m2a23.S...
compiling sys.c...
compiling timer.c...
compiling retarget.c...
compiling gpio.c...
compiling uart.c...
compiling fmc.c...
compiling canfd.c...
compiling pwm.c...
linking...
Program Size: Code=19596 RO-data=2276 RW-data=36 ZI-data=1560  
FromELF: creating hex file...
After Build - User command #1: fromelf --bin ".\obj\APROM_application.axf" --output ".\obj\APROM_application.bin"
After Build - User command #2: generateChecksum.bat
========================================================
Generate CRC32 (ABSOLUTE address semantics)
--------------------------------------------------------
APP_START  = 0x0000
APP_SIZE   = 0x10000
CRC_ADDR   = 0x0FFFC
APP_BIN    = obj\APROM_application.bin
========================================================
---- CRC32 @ 0x0FFFC (HEX dump) ----
0000FFF0:                                     1C A9 36 7D  #            .)6}
CRC written back to app-only binary successfully.
CRC-patched HEX generated: obj\APROM_application_crc.hex
".\obj\APROM_application.axf" - 0 Error(s), 0 Warning(s).

<h2>Software Packages used:</h2>

Package Vendor: Nuvoton
                https://github.com/OpenNuvoton/cmsis-packs/raw/master/Nuvoton_DFP/Nuvoton.NuMicroM23_DFP.1.0.1.pack
                Nuvoton::NuMicroM23_DFP@1.0.1
                Nuvoton ARM Cortex-M23 NuMicro Family Device Support

<h2>Collection of Component include folders:</h2>
  C:/Users/averyc/AppData/Local/Arm/Packs/Nuvoton/NuMicroM23_DFP/1.0.1/Device/M2A23/Include

<h2>Collection of Component Files used:</h2>
Build Time Elapsed:  00:00:04
</pre>
</body>
</html>
