<!doctype html public "-//w3c//dtd html 4.0 transitional//en">
<html><head>
<title>Static Call Graph - [.\obj\APROM_application.axf]</title></head>
<body><HR>
<H1>Static Call Graph for image .\obj\APROM_application.axf</H1><HR>
<BR><P>#&#060CALLGRAPH&#062# ARM Linker, 6220000: Last Updated: Thu May  7 18:51:15 2026
<BR><P>
<H3>Maximum Stack Usage =        300 bytes + Unknown(Functions without stacksize, Cycles, Untraceable Function Pointers)</H3><H3>
Call chain for Maximum Stack Depth:</H3>
main &rArr; CAN_Init &rArr; CANFD_Open &rArr; CANFD_CalculateTimingValues &rArr; CANFD_GetSegments &rArr; __aeabi_ui2f &rArr; _float_epilogue
<P>
<H3>
Functions with no stack information
</H3><UL>
 <LI><a href="#[0]">Reset_Handler</a>
 <LI><a href="#[1]">NMI_Handler</a>
 <LI><a href="#[2]">HardFault_Handler</a>
 <LI><a href="#[10]">SH_DoCommand</a>
 <LI><a href="#[11]">__PC</a>
</UL>
</UL>
<P>
<H3>
Mutually Recursive functions
</H3> <LI><a href="#[1]">NMI_Handler</a>&nbsp;&nbsp;&nbsp;&rArr;&nbsp;&nbsp;&nbsp;<a href="#[1]">NMI_Handler</a><BR>
</UL>
<P>
<H3>
Function Pointers
</H3><UL>
 <LI><a href="#[6]">CANFD00_IRQHandler</a> from lto-llvm-295afc.o(.text.CANFD00_IRQHandler) referenced from startup_m2a23.o(RESET)
 <LI><a href="#[2]">HardFault_Handler</a> from startup_m2a23.o(.text) referenced from startup_m2a23.o(RESET)
 <LI><a href="#[1]">NMI_Handler</a> from startup_m2a23.o(.text) referenced from startup_m2a23.o(RESET)
 <LI><a href="#[a]">ProcessHardFault</a> from lto-llvm-295afc.o(.text.ProcessHardFault) referenced from startup_m2a23.o(.text)
 <LI><a href="#[0]">Reset_Handler</a> from startup_m2a23.o(.text) referenced from startup_m2a23.o(RESET)
 <LI><a href="#[b]">SH_Return</a> from lto-llvm-295afc.o(.text.SH_Return) referenced from startup_m2a23.o(.text)
 <LI><a href="#[3]">SysTick_Handler</a> from lto-llvm-295afc.o(.text.SysTick_Handler) referenced from startup_m2a23.o(RESET)
 <LI><a href="#[8]">SystemInit</a> from lto-llvm-295afc.o(.text.SystemInit) referenced from startup_m2a23.o(.text)
 <LI><a href="#[4]">TMR1_IRQHandler</a> from lto-llvm-295afc.o(.text.TMR1_IRQHandler) referenced from startup_m2a23.o(RESET)
 <LI><a href="#[e]">Task_1000ms_Callback</a> from lto-llvm-295afc.o(.text.Task_1000ms_Callback) referenced from lto-llvm-295afc.o(.text.TimerService_CreateTask)
 <LI><a href="#[d]">Task_100ms_Callback</a> from lto-llvm-295afc.o(.text.Task_100ms_Callback) referenced from lto-llvm-295afc.o(.text.TimerService_CreateTask)
 <LI><a href="#[c]">Task_10ms_Callback</a> from lto-llvm-295afc.o(.text.Task_10ms_Callback) referenced from lto-llvm-295afc.o(.text.TimerService_CreateTask)
 <LI><a href="#[5]">UART0_IRQHandler</a> from lto-llvm-295afc.o(.text.UART0_IRQHandler) referenced from startup_m2a23.o(RESET)
 <LI><a href="#[9]">__main</a> from entry.o(.ARM.Collect$$$$00000000) referenced from startup_m2a23.o(.text)
 <LI><a href="#[f]">fputc</a> from lto-llvm-295afc.o(.text.fputc) referenced from printfa.o(i.__0printf)
 <LI><a href="#[7]">main</a> from lto-llvm-295afc.o(.text.main) referenced from entry9a.o(.ARM.Collect$$$$0000000B)
</UL>
<P>
<H3>
Global Symbols
</H3>
<P><STRONG><a name="[9]"></a>__main</STRONG> (Thumb, 0 bytes, Stack size unknown bytes, entry.o(.ARM.Collect$$$$00000000))
<BR>[Address Reference Count : 1]<UL><LI> startup_m2a23.o(.text)
</UL>
<P><STRONG><a name="[ad]"></a>_main_stk</STRONG> (Thumb, 0 bytes, Stack size unknown bytes, entry2.o(.ARM.Collect$$$$00000001))

<P><STRONG><a name="[12]"></a>_main_scatterload</STRONG> (Thumb, 0 bytes, Stack size unknown bytes, entry5.o(.ARM.Collect$$$$00000004))
<BR><BR>[Calls]<UL><LI><a href="#[13]">&gt;&gt;</a>&nbsp;&nbsp;&nbsp;__scatterload
</UL>

<P><STRONG><a name="[20]"></a>__main_after_scatterload</STRONG> (Thumb, 0 bytes, Stack size unknown bytes, entry5.o(.ARM.Collect$$$$00000004))
<BR><BR>[Called By]<UL><LI><a href="#[13]">&gt;&gt;</a>&nbsp;&nbsp;&nbsp;__scatterload
</UL>

<P><STRONG><a name="[ae]"></a>_main_clock</STRONG> (Thumb, 0 bytes, Stack size unknown bytes, entry7b.o(.ARM.Collect$$$$00000008))

<P><STRONG><a name="[af]"></a>_main_cpp_init</STRONG> (Thumb, 0 bytes, Stack size unknown bytes, entry8b.o(.ARM.Collect$$$$0000000A))

<P><STRONG><a name="[b0]"></a>_main_init</STRONG> (Thumb, 0 bytes, Stack size unknown bytes, entry9a.o(.ARM.Collect$$$$0000000B))

<P><STRONG><a name="[b1]"></a>__rt_final_cpp</STRONG> (Thumb, 0 bytes, Stack size unknown bytes, entry10a.o(.ARM.Collect$$$$0000000D))

<P><STRONG><a name="[b2]"></a>__rt_final_exit</STRONG> (Thumb, 0 bytes, Stack size unknown bytes, entry11a.o(.ARM.Collect$$$$0000000F))

<P><STRONG><a name="[0]"></a>Reset_Handler</STRONG> (Thumb, 0 bytes, Stack size unknown bytes, startup_m2a23.o(.text))
<BR>[Address Reference Count : 1]<UL><LI> startup_m2a23.o(RESET)
</UL>
<P><STRONG><a name="[1]"></a>NMI_Handler</STRONG> (Thumb, 0 bytes, Stack size unknown bytes, startup_m2a23.o(.text))
<BR><BR>[Calls]<UL><LI><a href="#[1]">&gt;&gt;</a>&nbsp;&nbsp;&nbsp;NMI_Handler
</UL>
<BR>[Called By]<UL><LI><a href="#[1]">&gt;&gt;</a>&nbsp;&nbsp;&nbsp;NMI_Handler
</UL>
<BR>[Address Reference Count : 1]<UL><LI> startup_m2a23.o(RESET)
</UL>
<P><STRONG><a name="[2]"></a>HardFault_Handler</STRONG> (Thumb, 0 bytes, Stack size unknown bytes, startup_m2a23.o(.text))
<BR>[Address Reference Count : 1]<UL><LI> startup_m2a23.o(RESET)
</UL>
<P><STRONG><a name="[10]"></a>SH_DoCommand</STRONG> (Thumb, 0 bytes, Stack size unknown bytes, startup_m2a23.o(.text), UNUSED, KEPT)

<P><STRONG><a name="[11]"></a>__PC</STRONG> (Thumb, 0 bytes, Stack size unknown bytes, startup_m2a23.o(.text), UNUSED, KEPT)

<P><STRONG><a name="[14]"></a>__aeabi_uldivmod</STRONG> (Thumb, 96 bytes, Stack size 48 bytes, uldiv.o(.text), UNUSED)
<BR><BR>[Calls]<UL><LI><a href="#[15]">&gt;&gt;</a>&nbsp;&nbsp;&nbsp;__aeabi_llsr
<LI><a href="#[16]">&gt;&gt;</a>&nbsp;&nbsp;&nbsp;__aeabi_llsl
</UL>
<BR>[Called By]<UL><LI><a href="#[a7]">&gt;&gt;</a>&nbsp;&nbsp;&nbsp;_printf_core
<LI><a href="#[a8]">&gt;&gt;</a>&nbsp;&nbsp;&nbsp;_fp_digits
</UL>

<P><STRONG><a name="[b3]"></a>__I$use$fp</STRONG> (Thumb, 0 bytes, Stack size 48 bytes, iusefp.o(.text), UNUSED)

<P><STRONG><a name="[17]"></a>__aeabi_dadd</STRONG> (Thumb, 328 bytes, Stack size 48 bytes, dadd.o(.text), UNUSED)
<BR><BR>[Calls]<UL><LI><a href="#[18]">&gt;&gt;</a>&nbsp;&nbsp;&nbsp;__aeabi_lasr
<LI><a href="#[16]">&gt;&gt;</a>&nbsp;&nbsp;&nbsp;__aeabi_llsl
<LI><a href="#[1a]">&gt;&gt;</a>&nbsp;&nbsp;&nbsp;_double_round
<LI><a href="#[19]">&gt;&gt;</a>&nbsp;&nbsp;&nbsp;_double_epilogue
</UL>
<BR>[Called By]<UL><LI><a href="#[1c]">&gt;&gt;</a>&nbsp;&nbsp;&nbsp;__aeabi_drsub
<LI><a href="#[1b]">&gt;&gt;</a>&nbsp;&nbsp;&nbsp;__aeabi_dsub
<LI><a href="#[a8]">&gt;&gt;</a>&nbsp;&nbsp;&nbsp;_fp_digits
</UL>

<P><STRONG><a name="[1b]"></a>__aeabi_dsub</STRONG> (Thumb, 12 bytes, Stack size 8 bytes, dadd.o(.text), UNUSED)
<BR><BR>[Calls]<UL><LI><a href="#[17]">&gt;&gt;</a>&nbsp;&nbsp;&nbsp;__aeabi_dadd
</UL>

<P><STRONG><a name="[1c]"></a>__aeabi_drsub</STRONG> (Thumb, 12 bytes, Stack size 8 bytes, dadd.o(.text), UNUSED)
<BR><BR>[Calls]<UL><LI><a href="#[17]">&gt;&gt;</a>&nbsp;&nbsp;&nbsp;__aeabi_dadd
</UL>

<P><STRONG><a name="[1d]"></a>__aeabi_dmul</STRONG> (Thumb, 202 bytes, Stack size 72 bytes, dmul.o(.text), UNUSED)
<BR><BR>[Calls]<UL><LI><a href="#[19]">&gt;&gt;</a>&nbsp;&nbsp;&nbsp;_double_epilogue
</UL>
<BR>[Called By]<UL><LI><a href="#[a8]">&gt;&gt;</a>&nbsp;&nbsp;&nbsp;_fp_digits
</UL>

<P><STRONG><a name="[1e]"></a>__aeabi_ddiv</STRONG> (Thumb, 234 bytes, Stack size 40 bytes, ddiv.o(.text), UNUSED)
<BR><BR>[Calls]<UL><LI><a href="#[1a]">&gt;&gt;</a>&nbsp;&nbsp;&nbsp;_double_round
</UL>
<BR>[Called By]<UL><LI><a href="#[a8]">&gt;&gt;</a>&nbsp;&nbsp;&nbsp;_fp_digits
</UL>

<P><STRONG><a name="[1f]"></a>__aeabi_d2ulz</STRONG> (Thumb, 54 bytes, Stack size 8 bytes, dfixul.o(.text), UNUSED)
<BR><BR>[Calls]<UL><LI><a href="#[15]">&gt;&gt;</a>&nbsp;&nbsp;&nbsp;__aeabi_llsr
<LI><a href="#[16]">&gt;&gt;</a>&nbsp;&nbsp;&nbsp;__aeabi_llsl
</UL>
<BR>[Called By]<UL><LI><a href="#[a8]">&gt;&gt;</a>&nbsp;&nbsp;&nbsp;_fp_digits
</UL>

<P><STRONG><a name="[a9]"></a>__aeabi_cdrcmple</STRONG> (Thumb, 38 bytes, Stack size 0 bytes, cdrcmple.o(.text), UNUSED)
<BR><BR>[Called By]<UL><LI><a href="#[a8]">&gt;&gt;</a>&nbsp;&nbsp;&nbsp;_fp_digits
</UL>

<P><STRONG><a name="[13]"></a>__scatterload</STRONG> (Thumb, 38 bytes, Stack size 0 bytes, init.o(.text))
<BR><BR>[Calls]<UL><LI><a href="#[20]">&gt;&gt;</a>&nbsp;&nbsp;&nbsp;__main_after_scatterload
</UL>
<BR>[Called By]<UL><LI><a href="#[12]">&gt;&gt;</a>&nbsp;&nbsp;&nbsp;_main_scatterload
</UL>

<P><STRONG><a name="[b4]"></a>__scatterload_rt2</STRONG> (Thumb, 0 bytes, Stack size 0 bytes, init.o(.text), UNUSED)

<P><STRONG><a name="[b5]"></a>__aeabi_uidiv$div0</STRONG> (Thumb, 0 bytes, Stack size 16 bytes, uidiv_div0.o(.text), UNUSED)

<P><STRONG><a name="[ac]"></a>__aeabi_uidivmod</STRONG> (Thumb, 62 bytes, Stack size 16 bytes, uidiv_div0.o(.text), UNUSED)
<BR><BR>[Called By]<UL><LI><a href="#[a7]">&gt;&gt;</a>&nbsp;&nbsp;&nbsp;_printf_core
</UL>

<P><STRONG><a name="[16]"></a>__aeabi_llsl</STRONG> (Thumb, 32 bytes, Stack size 8 bytes, llshl.o(.text), UNUSED)
<BR><BR>[Called By]<UL><LI><a href="#[19]">&gt;&gt;</a>&nbsp;&nbsp;&nbsp;_double_epilogue
<LI><a href="#[14]">&gt;&gt;</a>&nbsp;&nbsp;&nbsp;__aeabi_uldivmod
<LI><a href="#[17]">&gt;&gt;</a>&nbsp;&nbsp;&nbsp;__aeabi_dadd
<LI><a href="#[1f]">&gt;&gt;</a>&nbsp;&nbsp;&nbsp;__aeabi_d2ulz
</UL>

<P><STRONG><a name="[b6]"></a>_ll_shift_l</STRONG> (Thumb, 0 bytes, Stack size 8 bytes, llshl.o(.text), UNUSED)

<P><STRONG><a name="[15]"></a>__aeabi_llsr</STRONG> (Thumb, 34 bytes, Stack size 8 bytes, llushr.o(.text), UNUSED)
<BR><BR>[Called By]<UL><LI><a href="#[19]">&gt;&gt;</a>&nbsp;&nbsp;&nbsp;_double_epilogue
<LI><a href="#[14]">&gt;&gt;</a>&nbsp;&nbsp;&nbsp;__aeabi_uldivmod
<LI><a href="#[1f]">&gt;&gt;</a>&nbsp;&nbsp;&nbsp;__aeabi_d2ulz
</UL>

<P><STRONG><a name="[b7]"></a>_ll_ushift_r</STRONG> (Thumb, 0 bytes, Stack size 8 bytes, llushr.o(.text), UNUSED)

<P><STRONG><a name="[18]"></a>__aeabi_lasr</STRONG> (Thumb, 38 bytes, Stack size 8 bytes, llsshr.o(.text), UNUSED)
<BR><BR>[Called By]<UL><LI><a href="#[17]">&gt;&gt;</a>&nbsp;&nbsp;&nbsp;__aeabi_dadd
</UL>

<P><STRONG><a name="[b8]"></a>_ll_sshift_r</STRONG> (Thumb, 0 bytes, Stack size 8 bytes, llsshr.o(.text), UNUSED)

<P><STRONG><a name="[1a]"></a>_double_round</STRONG> (Thumb, 26 bytes, Stack size 8 bytes, depilogue.o(.text), UNUSED)
<BR><BR>[Called By]<UL><LI><a href="#[19]">&gt;&gt;</a>&nbsp;&nbsp;&nbsp;_double_epilogue
<LI><a href="#[1e]">&gt;&gt;</a>&nbsp;&nbsp;&nbsp;__aeabi_ddiv
<LI><a href="#[17]">&gt;&gt;</a>&nbsp;&nbsp;&nbsp;__aeabi_dadd
</UL>

<P><STRONG><a name="[19]"></a>_double_epilogue</STRONG> (Thumb, 164 bytes, Stack size 48 bytes, depilogue.o(.text), UNUSED)
<BR><BR>[Calls]<UL><LI><a href="#[21]">&gt;&gt;</a>&nbsp;&nbsp;&nbsp;__ARM_clz
<LI><a href="#[15]">&gt;&gt;</a>&nbsp;&nbsp;&nbsp;__aeabi_llsr
<LI><a href="#[16]">&gt;&gt;</a>&nbsp;&nbsp;&nbsp;__aeabi_llsl
<LI><a href="#[1a]">&gt;&gt;</a>&nbsp;&nbsp;&nbsp;_double_round
</UL>
<BR>[Called By]<UL><LI><a href="#[1d]">&gt;&gt;</a>&nbsp;&nbsp;&nbsp;__aeabi_dmul
<LI><a href="#[17]">&gt;&gt;</a>&nbsp;&nbsp;&nbsp;__aeabi_dadd
</UL>

<P><STRONG><a name="[23]"></a>__aeabi_memset</STRONG> (Thumb, 14 bytes, Stack size 0 bytes, memseta.o(.text), UNUSED)
<BR><BR>[Called By]<UL><LI><a href="#[24]">&gt;&gt;</a>&nbsp;&nbsp;&nbsp;_memset$wrapper
<LI><a href="#[22]">&gt;&gt;</a>&nbsp;&nbsp;&nbsp;__aeabi_memclr
</UL>

<P><STRONG><a name="[b9]"></a>__aeabi_memset4</STRONG> (Thumb, 0 bytes, Stack size 0 bytes, memseta.o(.text), UNUSED)

<P><STRONG><a name="[ba]"></a>__aeabi_memset8</STRONG> (Thumb, 0 bytes, Stack size 0 bytes, memseta.o(.text), UNUSED)

<P><STRONG><a name="[22]"></a>__aeabi_memclr</STRONG> (Thumb, 4 bytes, Stack size 0 bytes, memseta.o(.text), UNUSED)
<BR><BR>[Calls]<UL><LI><a href="#[23]">&gt;&gt;</a>&nbsp;&nbsp;&nbsp;__aeabi_memset
</UL>

<P><STRONG><a name="[3c]"></a>__aeabi_memclr4</STRONG> (Thumb, 0 bytes, Stack size 0 bytes, memseta.o(.text))
<BR><BR>[Called By]<UL><LI><a href="#[41]">&gt;&gt;</a>&nbsp;&nbsp;&nbsp;CANFD_GetDefaultConfig
<LI><a href="#[66]">&gt;&gt;</a>&nbsp;&nbsp;&nbsp;CAN_Rx_process
<LI><a href="#[4a]">&gt;&gt;</a>&nbsp;&nbsp;&nbsp;CANFD_InitRxFifo
<LI><a href="#[49]">&gt;&gt;</a>&nbsp;&nbsp;&nbsp;CANFD_InitRxDBuf
<LI><a href="#[4b]">&gt;&gt;</a>&nbsp;&nbsp;&nbsp;CANFD_InitTxDBuf
<LI><a href="#[3d]">&gt;&gt;</a>&nbsp;&nbsp;&nbsp;CANFD_ConfigXIDFC
<LI><a href="#[3b]">&gt;&gt;</a>&nbsp;&nbsp;&nbsp;CANFD_ConfigSIDFC
</UL>

<P><STRONG><a name="[bb]"></a>__aeabi_memclr8</STRONG> (Thumb, 0 bytes, Stack size 0 bytes, memseta.o(.text), UNUSED)

<P><STRONG><a name="[24]"></a>_memset$wrapper</STRONG> (Thumb, 18 bytes, Stack size 8 bytes, memseta.o(.text), UNUSED)
<BR><BR>[Calls]<UL><LI><a href="#[23]">&gt;&gt;</a>&nbsp;&nbsp;&nbsp;__aeabi_memset
</UL>

<P><STRONG><a name="[43]"></a>__aeabi_fmul</STRONG> (Thumb, 122 bytes, Stack size 16 bytes, fmul.o(.text))
<BR><BR>[Stack]<UL><LI>Max Depth = 16<LI>Call Chain = __aeabi_fmul
</UL>
<BR>[Called By]<UL><LI><a href="#[3a]">&gt;&gt;</a>&nbsp;&nbsp;&nbsp;CANFD_GetSegments
</UL>

<P><STRONG><a name="[25]"></a>__aeabi_ui2f</STRONG> (Thumb, 14 bytes, Stack size 8 bytes, ffltui.o(.text))
<BR><BR>[Stack]<UL><LI>Max Depth = 20<LI>Call Chain = __aeabi_ui2f &rArr; _float_epilogue
</UL>
<BR>[Calls]<UL><LI><a href="#[26]">&gt;&gt;</a>&nbsp;&nbsp;&nbsp;_float_epilogue
</UL>
<BR>[Called By]<UL><LI><a href="#[3a]">&gt;&gt;</a>&nbsp;&nbsp;&nbsp;CANFD_GetSegments
</UL>

<P><STRONG><a name="[44]"></a>__aeabi_f2iz</STRONG> (Thumb, 50 bytes, Stack size 0 bytes, ffixi.o(.text))
<BR><BR>[Called By]<UL><LI><a href="#[3a]">&gt;&gt;</a>&nbsp;&nbsp;&nbsp;CANFD_GetSegments
</UL>

<P><STRONG><a name="[bc]"></a>_float_round</STRONG> (Thumb, 16 bytes, Stack size 0 bytes, fepilogue.o(.text), UNUSED)

<P><STRONG><a name="[26]"></a>_float_epilogue</STRONG> (Thumb, 114 bytes, Stack size 12 bytes, fepilogue.o(.text))
<BR><BR>[Stack]<UL><LI>Max Depth = 12<LI>Call Chain = _float_epilogue
</UL>
<BR>[Called By]<UL><LI><a href="#[25]">&gt;&gt;</a>&nbsp;&nbsp;&nbsp;__aeabi_ui2f
</UL>

<P><STRONG><a name="[6]"></a>CANFD00_IRQHandler</STRONG> (Thumb, 40 bytes, Stack size 16 bytes, lto-llvm-295afc.o(.text.CANFD00_IRQHandler))
<BR><BR>[Stack]<UL><LI>Max Depth = 24<LI>Call Chain = CANFD00_IRQHandler &rArr; CANFD_ClearStatusFlag
</UL>
<BR>[Calls]<UL><LI><a href="#[38]">&gt;&gt;</a>&nbsp;&nbsp;&nbsp;CANFD_ClearStatusFlag
<LI><a href="#[37]">&gt;&gt;</a>&nbsp;&nbsp;&nbsp;CANFD_GetStatusFlag
</UL>
<BR>[Address Reference Count : 1]<UL><LI> startup_m2a23.o(RESET)
</UL>
<P><STRONG><a name="[a]"></a>ProcessHardFault</STRONG> (Thumb, 60 bytes, Stack size 24 bytes, lto-llvm-295afc.o(.text.ProcessHardFault))
<BR><BR>[Stack]<UL><LI>Max Depth = 48<LI>Call Chain = ProcessHardFault &rArr; printf
</UL>
<BR>[Calls]<UL><LI><a href="#[28]">&gt;&gt;</a>&nbsp;&nbsp;&nbsp;printf
</UL>
<BR>[Address Reference Count : 1]<UL><LI> startup_m2a23.o(.text)
</UL>
<P><STRONG><a name="[b]"></a>SH_Return</STRONG> (Thumb, 14 bytes, Stack size 12 bytes, lto-llvm-295afc.o(.text.SH_Return))
<BR><BR>[Stack]<UL><LI>Max Depth = 12<LI>Call Chain = SH_Return
</UL>
<BR>[Address Reference Count : 1]<UL><LI> startup_m2a23.o(.text)
</UL>
<P><STRONG><a name="[3]"></a>SysTick_Handler</STRONG> (Thumb, 8 bytes, Stack size 8 bytes, lto-llvm-295afc.o(.text.SysTick_Handler))
<BR><BR>[Stack]<UL><LI>Max Depth = 8<LI>Call Chain = SysTick_Handler
</UL>
<BR>[Calls]<UL><LI><a href="#[85]">&gt;&gt;</a>&nbsp;&nbsp;&nbsp;systick_counter
</UL>
<BR>[Address Reference Count : 1]<UL><LI> startup_m2a23.o(RESET)
</UL>
<P><STRONG><a name="[8]"></a>SystemInit</STRONG> (Thumb, 2 bytes, Stack size 0 bytes, lto-llvm-295afc.o(.text.SystemInit))
<BR>[Address Reference Count : 1]<UL><LI> startup_m2a23.o(.text)
</UL>
<P><STRONG><a name="[4]"></a>TMR1_IRQHandler</STRONG> (Thumb, 28 bytes, Stack size 8 bytes, lto-llvm-295afc.o(.text.TMR1_IRQHandler))
<BR><BR>[Stack]<UL><LI>Max Depth = 36<LI>Call Chain = TMR1_IRQHandler &rArr; TimerService_Tick1ms &rArr; TimerService_EnqueueEventFromISR
</UL>
<BR>[Calls]<UL><LI><a href="#[8f]">&gt;&gt;</a>&nbsp;&nbsp;&nbsp;TimerService_Tick1ms
<LI><a href="#[8d]">&gt;&gt;</a>&nbsp;&nbsp;&nbsp;TIMER_ClearIntFlag
<LI><a href="#[8c]">&gt;&gt;</a>&nbsp;&nbsp;&nbsp;TIMER_GetIntFlag
<LI><a href="#[8e]">&gt;&gt;</a>&nbsp;&nbsp;&nbsp;tick_counter
</UL>
<BR>[Address Reference Count : 1]<UL><LI> startup_m2a23.o(RESET)
</UL>
<P><STRONG><a name="[5]"></a>UART0_IRQHandler</STRONG> (Thumb, 64 bytes, Stack size 8 bytes, lto-llvm-295afc.o(.text.UART0_IRQHandler))
<BR><BR>[Stack]<UL><LI>Max Depth = 192<LI>Call Chain = UART0_IRQHandler &rArr; UARTx_Process &rArr; PWM_AdjustSelected &rArr; PWM_ApplyChannel &rArr; PWM_ConfigOutputChannel &rArr; CLK_GetPCLK0Freq &rArr; SystemCoreClockUpdate &rArr; CLK_GetPLLClockFreq
</UL>
<BR>[Calls]<UL><LI><a href="#[9b]">&gt;&gt;</a>&nbsp;&nbsp;&nbsp;UART_ClearIntFlag
<LI><a href="#[9a]">&gt;&gt;</a>&nbsp;&nbsp;&nbsp;UARTx_Process
</UL>
<BR>[Address Reference Count : 1]<UL><LI> startup_m2a23.o(RESET)
</UL>
<P><STRONG><a name="[f]"></a>fputc</STRONG> (Thumb, 20 bytes, Stack size 16 bytes, lto-llvm-295afc.o(.text.fputc))
<BR><BR>[Stack]<UL><LI>Max Depth = 36<LI>Call Chain = fputc &rArr; SendChar &rArr; SendChar_ToUART
</UL>
<BR>[Calls]<UL><LI><a href="#[81]">&gt;&gt;</a>&nbsp;&nbsp;&nbsp;SendChar
</UL>
<BR>[Address Reference Count : 1]<UL><LI> printfa.o(i.__0printf)
</UL>
<P><STRONG><a name="[7]"></a>main</STRONG> (Thumb, 100 bytes, Stack size 16 bytes, lto-llvm-295afc.o(.text.main))
<BR><BR>[Stack]<UL><LI>Max Depth = 300<LI>Call Chain = main &rArr; CAN_Init &rArr; CANFD_Open &rArr; CANFD_CalculateTimingValues &rArr; CANFD_GetSegments &rArr; __aeabi_ui2f &rArr; _float_epilogue
</UL>
<BR>[Calls]<UL><LI><a href="#[a5]">&gt;&gt;</a>&nbsp;&nbsp;&nbsp;TimerService_Init
<LI><a href="#[79]">&gt;&gt;</a>&nbsp;&nbsp;&nbsp;PWM_InitChannels
<LI><a href="#[5f]">&gt;&gt;</a>&nbsp;&nbsp;&nbsp;CAN_Init
<LI><a href="#[7d]">&gt;&gt;</a>&nbsp;&nbsp;&nbsp;SYS_Init
<LI><a href="#[72]">&gt;&gt;</a>&nbsp;&nbsp;&nbsp;GPIO_Init
<LI><a href="#[9c]">&gt;&gt;</a>&nbsp;&nbsp;&nbsp;UART0_Init
<LI><a href="#[a4]">&gt;&gt;</a>&nbsp;&nbsp;&nbsp;loop
<LI><a href="#[89]">&gt;&gt;</a>&nbsp;&nbsp;&nbsp;TIMER1_Init
<LI><a href="#[a1]">&gt;&gt;</a>&nbsp;&nbsp;&nbsp;check_reset_source
<LI><a href="#[90]">&gt;&gt;</a>&nbsp;&nbsp;&nbsp;TimerService_CreateTask
<LI><a href="#[86]">&gt;&gt;</a>&nbsp;&nbsp;&nbsp;SysTick_enable
<LI><a href="#[28]">&gt;&gt;</a>&nbsp;&nbsp;&nbsp;printf
</UL>
<BR>[Address Reference Count : 1]<UL><LI> entry9a.o(.ARM.Collect$$$$0000000B)
</UL>
<P><STRONG><a name="[a6]"></a>__0printf</STRONG> (Thumb, 24 bytes, Stack size 24 bytes, printfa.o(i.__0printf), UNUSED)
<BR><BR>[Calls]<UL><LI><a href="#[a7]">&gt;&gt;</a>&nbsp;&nbsp;&nbsp;_printf_core
</UL>

<P><STRONG><a name="[bd]"></a>__1printf</STRONG> (Thumb, 0 bytes, Stack size 24 bytes, printfa.o(i.__0printf), UNUSED)

<P><STRONG><a name="[be]"></a>__2printf</STRONG> (Thumb, 0 bytes, Stack size 24 bytes, printfa.o(i.__0printf), UNUSED)

<P><STRONG><a name="[bf]"></a>__c89printf</STRONG> (Thumb, 0 bytes, Stack size 24 bytes, printfa.o(i.__0printf), UNUSED)

<P><STRONG><a name="[28]"></a>printf</STRONG> (Thumb, 0 bytes, Stack size 24 bytes, printfa.o(i.__0printf))
<BR><BR>[Stack]<UL><LI>Max Depth = 24<LI>Call Chain = printf
</UL>
<BR>[Called By]<UL><LI><a href="#[5a]">&gt;&gt;</a>&nbsp;&nbsp;&nbsp;CAN_DumpBusStatus
<LI><a href="#[65]">&gt;&gt;</a>&nbsp;&nbsp;&nbsp;CAN_PrintRxMessage
<LI><a href="#[5f]">&gt;&gt;</a>&nbsp;&nbsp;&nbsp;CAN_Init
<LI><a href="#[9c]">&gt;&gt;</a>&nbsp;&nbsp;&nbsp;UART0_Init
<LI><a href="#[76]">&gt;&gt;</a>&nbsp;&nbsp;&nbsp;PWM_PrintStatus
<LI><a href="#[9a]">&gt;&gt;</a>&nbsp;&nbsp;&nbsp;UARTx_Process
<LI><a href="#[69]">&gt;&gt;</a>&nbsp;&nbsp;&nbsp;CAN_SendMessage
<LI><a href="#[2f]">&gt;&gt;</a>&nbsp;&nbsp;&nbsp;APP_StandbyWaitCanWake
<LI><a href="#[27]">&gt;&gt;</a>&nbsp;&nbsp;&nbsp;APP_InvalidateChecksumAndReset
<LI><a href="#[66]">&gt;&gt;</a>&nbsp;&nbsp;&nbsp;CAN_Rx_process
<LI><a href="#[a1]">&gt;&gt;</a>&nbsp;&nbsp;&nbsp;check_reset_source
<LI><a href="#[90]">&gt;&gt;</a>&nbsp;&nbsp;&nbsp;TimerService_CreateTask
<LI><a href="#[86]">&gt;&gt;</a>&nbsp;&nbsp;&nbsp;SysTick_enable
<LI><a href="#[a]">&gt;&gt;</a>&nbsp;&nbsp;&nbsp;ProcessHardFault
<LI><a href="#[7]">&gt;&gt;</a>&nbsp;&nbsp;&nbsp;main
</UL>

<P><STRONG><a name="[21]"></a>__ARM_clz</STRONG> (Thumb, 46 bytes, Stack size 0 bytes, depilogue.o(i.__ARM_clz), UNUSED)
<BR><BR>[Called By]<UL><LI><a href="#[19]">&gt;&gt;</a>&nbsp;&nbsp;&nbsp;_double_epilogue
</UL>

<P><STRONG><a name="[c0]"></a>__scatterload_copy</STRONG> (Thumb, 14 bytes, Stack size unknown bytes, handlers.o(i.__scatterload_copy), UNUSED)

<P><STRONG><a name="[c1]"></a>__scatterload_null</STRONG> (Thumb, 2 bytes, Stack size unknown bytes, handlers.o(i.__scatterload_null), UNUSED)

<P><STRONG><a name="[c2]"></a>__scatterload_zeroinit</STRONG> (Thumb, 14 bytes, Stack size unknown bytes, handlers.o(i.__scatterload_zeroinit), UNUSED)
<P>
<H3>
Local Symbols
</H3>
<P><STRONG><a name="[a8]"></a>_fp_digits</STRONG> (Thumb, 344 bytes, Stack size 64 bytes, printfa.o(i._fp_digits), UNUSED)
<BR><BR>[Calls]<UL><LI><a href="#[14]">&gt;&gt;</a>&nbsp;&nbsp;&nbsp;__aeabi_uldivmod
<LI><a href="#[1d]">&gt;&gt;</a>&nbsp;&nbsp;&nbsp;__aeabi_dmul
<LI><a href="#[1e]">&gt;&gt;</a>&nbsp;&nbsp;&nbsp;__aeabi_ddiv
<LI><a href="#[17]">&gt;&gt;</a>&nbsp;&nbsp;&nbsp;__aeabi_dadd
<LI><a href="#[1f]">&gt;&gt;</a>&nbsp;&nbsp;&nbsp;__aeabi_d2ulz
<LI><a href="#[a9]">&gt;&gt;</a>&nbsp;&nbsp;&nbsp;__aeabi_cdrcmple
</UL>
<BR>[Called By]<UL><LI><a href="#[a7]">&gt;&gt;</a>&nbsp;&nbsp;&nbsp;_printf_core
</UL>

<P><STRONG><a name="[a7]"></a>_printf_core</STRONG> (Thumb, 1754 bytes, Stack size 128 bytes, printfa.o(i._printf_core), UNUSED)
<BR><BR>[Calls]<UL><LI><a href="#[ac]">&gt;&gt;</a>&nbsp;&nbsp;&nbsp;__aeabi_uidivmod
<LI><a href="#[14]">&gt;&gt;</a>&nbsp;&nbsp;&nbsp;__aeabi_uldivmod
<LI><a href="#[aa]">&gt;&gt;</a>&nbsp;&nbsp;&nbsp;_printf_pre_padding
<LI><a href="#[ab]">&gt;&gt;</a>&nbsp;&nbsp;&nbsp;_printf_post_padding
<LI><a href="#[a8]">&gt;&gt;</a>&nbsp;&nbsp;&nbsp;_fp_digits
</UL>
<BR>[Called By]<UL><LI><a href="#[a6]">&gt;&gt;</a>&nbsp;&nbsp;&nbsp;__0printf
</UL>

<P><STRONG><a name="[ab]"></a>_printf_post_padding</STRONG> (Thumb, 32 bytes, Stack size 24 bytes, printfa.o(i._printf_post_padding), UNUSED)
<BR><BR>[Called By]<UL><LI><a href="#[a7]">&gt;&gt;</a>&nbsp;&nbsp;&nbsp;_printf_core
</UL>

<P><STRONG><a name="[aa]"></a>_printf_pre_padding</STRONG> (Thumb, 44 bytes, Stack size 40 bytes, printfa.o(i._printf_pre_padding), UNUSED)
<BR><BR>[Called By]<UL><LI><a href="#[a7]">&gt;&gt;</a>&nbsp;&nbsp;&nbsp;_printf_core
</UL>

<P><STRONG><a name="[6d]"></a>SystemCoreClockUpdate</STRONG> (Thumb, 80 bytes, Stack size 24 bytes, lto-llvm-295afc.o(.text.SystemCoreClockUpdate))
<BR><BR>[Stack]<UL><LI>Max Depth = 56<LI>Call Chain = SystemCoreClockUpdate &rArr; CLK_GetPLLClockFreq
</UL>
<BR>[Calls]<UL><LI><a href="#[88]">&gt;&gt;</a>&nbsp;&nbsp;&nbsp;CLK_GetPLLClockFreq
</UL>
<BR>[Called By]<UL><LI><a href="#[71]">&gt;&gt;</a>&nbsp;&nbsp;&nbsp;CLK_SetHCLK
<LI><a href="#[7d]">&gt;&gt;</a>&nbsp;&nbsp;&nbsp;SYS_Init
<LI><a href="#[6f]">&gt;&gt;</a>&nbsp;&nbsp;&nbsp;CLK_GetPCLK1Freq
<LI><a href="#[6e]">&gt;&gt;</a>&nbsp;&nbsp;&nbsp;CLK_GetPCLK0Freq
<LI><a href="#[48]">&gt;&gt;</a>&nbsp;&nbsp;&nbsp;CLK_GetHCLKFreq
<LI><a href="#[6c]">&gt;&gt;</a>&nbsp;&nbsp;&nbsp;CLK_GetCPUFreq
<LI><a href="#[77]">&gt;&gt;</a>&nbsp;&nbsp;&nbsp;PWM_ConfigOutputChannel
</UL>

<P><STRONG><a name="[88]"></a>CLK_GetPLLClockFreq</STRONG> (Thumb, 148 bytes, Stack size 32 bytes, lto-llvm-295afc.o(.text.CLK_GetPLLClockFreq))
<BR><BR>[Stack]<UL><LI>Max Depth = 32<LI>Call Chain = CLK_GetPLLClockFreq
</UL>
<BR>[Called By]<UL><LI><a href="#[6d]">&gt;&gt;</a>&nbsp;&nbsp;&nbsp;SystemCoreClockUpdate
</UL>

<P><STRONG><a name="[87]"></a>set_systick</STRONG> (Thumb, 16 bytes, Stack size 4 bytes, lto-llvm-295afc.o(.text.set_systick))
<BR><BR>[Stack]<UL><LI>Max Depth = 4<LI>Call Chain = set_systick
</UL>
<BR>[Called By]<UL><LI><a href="#[86]">&gt;&gt;</a>&nbsp;&nbsp;&nbsp;SysTick_enable
</UL>

<P><STRONG><a name="[85]"></a>systick_counter</STRONG> (Thumb, 12 bytes, Stack size 0 bytes, lto-llvm-295afc.o(.text.systick_counter))
<BR><BR>[Called By]<UL><LI><a href="#[3]">&gt;&gt;</a>&nbsp;&nbsp;&nbsp;SysTick_Handler
</UL>

<P><STRONG><a name="[86]"></a>SysTick_enable</STRONG> (Thumb, 48 bytes, Stack size 16 bytes, lto-llvm-295afc.o(.text.SysTick_enable))
<BR><BR>[Stack]<UL><LI>Max Depth = 56<LI>Call Chain = SysTick_enable &rArr; SysTick_Config &rArr; __NVIC_SetPriority
</UL>
<BR>[Calls]<UL><LI><a href="#[83]">&gt;&gt;</a>&nbsp;&nbsp;&nbsp;SysTick_Config
<LI><a href="#[87]">&gt;&gt;</a>&nbsp;&nbsp;&nbsp;set_systick
<LI><a href="#[28]">&gt;&gt;</a>&nbsp;&nbsp;&nbsp;printf
</UL>
<BR>[Called By]<UL><LI><a href="#[7]">&gt;&gt;</a>&nbsp;&nbsp;&nbsp;main
</UL>

<P><STRONG><a name="[83]"></a>SysTick_Config</STRONG> (Thumb, 56 bytes, Stack size 16 bytes, lto-llvm-295afc.o(.text.SysTick_Config))
<BR><BR>[Stack]<UL><LI>Max Depth = 40<LI>Call Chain = SysTick_Config &rArr; __NVIC_SetPriority
</UL>
<BR>[Calls]<UL><LI><a href="#[84]">&gt;&gt;</a>&nbsp;&nbsp;&nbsp;__NVIC_SetPriority
</UL>
<BR>[Called By]<UL><LI><a href="#[86]">&gt;&gt;</a>&nbsp;&nbsp;&nbsp;SysTick_enable
</UL>

<P><STRONG><a name="[84]"></a>__NVIC_SetPriority</STRONG> (Thumb, 128 bytes, Stack size 24 bytes, lto-llvm-295afc.o(.text.__NVIC_SetPriority))
<BR><BR>[Stack]<UL><LI>Max Depth = 24<LI>Call Chain = __NVIC_SetPriority
</UL>
<BR>[Called By]<UL><LI><a href="#[83]">&gt;&gt;</a>&nbsp;&nbsp;&nbsp;SysTick_Config
</UL>

<P><STRONG><a name="[8e]"></a>tick_counter</STRONG> (Thumb, 12 bytes, Stack size 0 bytes, lto-llvm-295afc.o(.text.tick_counter))
<BR><BR>[Called By]<UL><LI><a href="#[4]">&gt;&gt;</a>&nbsp;&nbsp;&nbsp;TMR1_IRQHandler
</UL>

<P><STRONG><a name="[e]"></a>Task_1000ms_Callback</STRONG> (Thumb, 28 bytes, Stack size 4 bytes, lto-llvm-295afc.o(.text.Task_1000ms_Callback))
<BR><BR>[Stack]<UL><LI>Max Depth = 4<LI>Call Chain = Task_1000ms_Callback
</UL>
<BR>[Address Reference Count : 1]<UL><LI> lto-llvm-295afc.o(.text.TimerService_CreateTask)
</UL>
<P><STRONG><a name="[d]"></a>Task_100ms_Callback</STRONG> (Thumb, 8 bytes, Stack size 4 bytes, lto-llvm-295afc.o(.text.Task_100ms_Callback))
<BR><BR>[Stack]<UL><LI>Max Depth = 4<LI>Call Chain = Task_100ms_Callback
</UL>
<BR>[Address Reference Count : 1]<UL><LI> lto-llvm-295afc.o(.text.TimerService_CreateTask)
</UL>
<P><STRONG><a name="[c]"></a>Task_10ms_Callback</STRONG> (Thumb, 8 bytes, Stack size 4 bytes, lto-llvm-295afc.o(.text.Task_10ms_Callback))
<BR><BR>[Stack]<UL><LI>Max Depth = 4<LI>Call Chain = Task_10ms_Callback
</UL>
<BR>[Address Reference Count : 1]<UL><LI> lto-llvm-295afc.o(.text.TimerService_CreateTask)
</UL>
<P><STRONG><a name="[90]"></a>TimerService_CreateTask</STRONG> (Thumb, 120 bytes, Stack size 8 bytes, lto-llvm-295afc.o(.text.TimerService_CreateTask))
<BR><BR>[Stack]<UL><LI>Max Depth = 56<LI>Call Chain = TimerService_CreateTask &rArr; TimerService_CreateTimer &rArr; TimerService_CreateTimerQueue
</UL>
<BR>[Calls]<UL><LI><a href="#[92]">&gt;&gt;</a>&nbsp;&nbsp;&nbsp;TimerService_StartTimer
<LI><a href="#[91]">&gt;&gt;</a>&nbsp;&nbsp;&nbsp;TimerService_CreateTimer
<LI><a href="#[28]">&gt;&gt;</a>&nbsp;&nbsp;&nbsp;printf
</UL>
<BR>[Called By]<UL><LI><a href="#[7]">&gt;&gt;</a>&nbsp;&nbsp;&nbsp;main
</UL>

<P><STRONG><a name="[91]"></a>TimerService_CreateTimer</STRONG> (Thumb, 28 bytes, Stack size 24 bytes, lto-llvm-295afc.o(.text.TimerService_CreateTimer))
<BR><BR>[Stack]<UL><LI>Max Depth = 48<LI>Call Chain = TimerService_CreateTimer &rArr; TimerService_CreateTimerQueue
</UL>
<BR>[Calls]<UL><LI><a href="#[93]">&gt;&gt;</a>&nbsp;&nbsp;&nbsp;TimerService_CreateTimerQueue
</UL>
<BR>[Called By]<UL><LI><a href="#[90]">&gt;&gt;</a>&nbsp;&nbsp;&nbsp;TimerService_CreateTask
</UL>

<P><STRONG><a name="[92]"></a>TimerService_StartTimer</STRONG> (Thumb, 56 bytes, Stack size 8 bytes, lto-llvm-295afc.o(.text.TimerService_StartTimer))
<BR><BR>[Stack]<UL><LI>Max Depth = 8<LI>Call Chain = TimerService_StartTimer
</UL>
<BR>[Called By]<UL><LI><a href="#[90]">&gt;&gt;</a>&nbsp;&nbsp;&nbsp;TimerService_CreateTask
</UL>

<P><STRONG><a name="[a1]"></a>check_reset_source</STRONG> (Thumb, 492 bytes, Stack size 16 bytes, lto-llvm-295afc.o(.text.check_reset_source))
<BR><BR>[Stack]<UL><LI>Max Depth = 40<LI>Call Chain = check_reset_source &rArr; printf
</UL>
<BR>[Calls]<UL><LI><a href="#[a3]">&gt;&gt;</a>&nbsp;&nbsp;&nbsp;SYS_ClearResetSrc
<LI><a href="#[a2]">&gt;&gt;</a>&nbsp;&nbsp;&nbsp;SYS_GetResetSrc
<LI><a href="#[28]">&gt;&gt;</a>&nbsp;&nbsp;&nbsp;printf
</UL>
<BR>[Called By]<UL><LI><a href="#[7]">&gt;&gt;</a>&nbsp;&nbsp;&nbsp;main
</UL>

<P><STRONG><a name="[a2]"></a>SYS_GetResetSrc</STRONG> (Thumb, 8 bytes, Stack size 0 bytes, lto-llvm-295afc.o(.text.SYS_GetResetSrc))
<BR><BR>[Called By]<UL><LI><a href="#[a1]">&gt;&gt;</a>&nbsp;&nbsp;&nbsp;check_reset_source
</UL>

<P><STRONG><a name="[a3]"></a>SYS_ClearResetSrc</STRONG> (Thumb, 16 bytes, Stack size 4 bytes, lto-llvm-295afc.o(.text.SYS_ClearResetSrc))
<BR><BR>[Stack]<UL><LI>Max Depth = 4<LI>Call Chain = SYS_ClearResetSrc
</UL>
<BR>[Called By]<UL><LI><a href="#[a1]">&gt;&gt;</a>&nbsp;&nbsp;&nbsp;check_reset_source
</UL>

<P><STRONG><a name="[8c]"></a>TIMER_GetIntFlag</STRONG> (Thumb, 20 bytes, Stack size 4 bytes, lto-llvm-295afc.o(.text.TIMER_GetIntFlag))
<BR><BR>[Stack]<UL><LI>Max Depth = 4<LI>Call Chain = TIMER_GetIntFlag
</UL>
<BR>[Called By]<UL><LI><a href="#[4]">&gt;&gt;</a>&nbsp;&nbsp;&nbsp;TMR1_IRQHandler
</UL>

<P><STRONG><a name="[8d]"></a>TIMER_ClearIntFlag</STRONG> (Thumb, 16 bytes, Stack size 4 bytes, lto-llvm-295afc.o(.text.TIMER_ClearIntFlag))
<BR><BR>[Stack]<UL><LI>Max Depth = 4<LI>Call Chain = TIMER_ClearIntFlag
</UL>
<BR>[Called By]<UL><LI><a href="#[4]">&gt;&gt;</a>&nbsp;&nbsp;&nbsp;TMR1_IRQHandler
</UL>

<P><STRONG><a name="[8f]"></a>TimerService_Tick1ms</STRONG> (Thumb, 140 bytes, Stack size 16 bytes, lto-llvm-295afc.o(.text.TimerService_Tick1ms))
<BR><BR>[Stack]<UL><LI>Max Depth = 28<LI>Call Chain = TimerService_Tick1ms &rArr; TimerService_EnqueueEventFromISR
</UL>
<BR>[Calls]<UL><LI><a href="#[99]">&gt;&gt;</a>&nbsp;&nbsp;&nbsp;TimerService_EnqueueEventFromISR
</UL>
<BR>[Called By]<UL><LI><a href="#[4]">&gt;&gt;</a>&nbsp;&nbsp;&nbsp;TMR1_IRQHandler
</UL>

<P><STRONG><a name="[89]"></a>TIMER1_Init</STRONG> (Thumb, 22 bytes, Stack size 8 bytes, lto-llvm-295afc.o(.text.TIMER1_Init))
<BR><BR>[Stack]<UL><LI>Max Depth = 176<LI>Call Chain = TIMER1_Init &rArr; TIMER_Open &rArr; TIMER_GetModuleClock &rArr; CLK_GetPCLK1Freq &rArr; SystemCoreClockUpdate &rArr; CLK_GetPLLClockFreq
</UL>
<BR>[Calls]<UL><LI><a href="#[36]">&gt;&gt;</a>&nbsp;&nbsp;&nbsp;TIMER_Start
<LI><a href="#[34]">&gt;&gt;</a>&nbsp;&nbsp;&nbsp;__NVIC_EnableIRQ
<LI><a href="#[35]">&gt;&gt;</a>&nbsp;&nbsp;&nbsp;TIMER_EnableInt
<LI><a href="#[8a]">&gt;&gt;</a>&nbsp;&nbsp;&nbsp;TIMER_Open
</UL>
<BR>[Called By]<UL><LI><a href="#[7]">&gt;&gt;</a>&nbsp;&nbsp;&nbsp;main
</UL>

<P><STRONG><a name="[8a]"></a>TIMER_Open</STRONG> (Thumb, 156 bytes, Stack size 32 bytes, lto-llvm-295afc.o(.text.TIMER_Open))
<BR><BR>[Stack]<UL><LI>Max Depth = 168<LI>Call Chain = TIMER_Open &rArr; TIMER_GetModuleClock &rArr; CLK_GetPCLK1Freq &rArr; SystemCoreClockUpdate &rArr; CLK_GetPLLClockFreq
</UL>
<BR>[Calls]<UL><LI><a href="#[8b]">&gt;&gt;</a>&nbsp;&nbsp;&nbsp;TIMER_GetModuleClock
</UL>
<BR>[Called By]<UL><LI><a href="#[89]">&gt;&gt;</a>&nbsp;&nbsp;&nbsp;TIMER1_Init
</UL>

<P><STRONG><a name="[35]"></a>TIMER_EnableInt</STRONG> (Thumb, 24 bytes, Stack size 4 bytes, lto-llvm-295afc.o(.text.TIMER_EnableInt))
<BR><BR>[Stack]<UL><LI>Max Depth = 4<LI>Call Chain = TIMER_EnableInt
</UL>
<BR>[Called By]<UL><LI><a href="#[2f]">&gt;&gt;</a>&nbsp;&nbsp;&nbsp;APP_StandbyWaitCanWake
<LI><a href="#[89]">&gt;&gt;</a>&nbsp;&nbsp;&nbsp;TIMER1_Init
</UL>

<P><STRONG><a name="[34]"></a>__NVIC_EnableIRQ</STRONG> (Thumb, 48 bytes, Stack size 4 bytes, lto-llvm-295afc.o(.text.__NVIC_EnableIRQ))
<BR><BR>[Stack]<UL><LI>Max Depth = 4<LI>Call Chain = __NVIC_EnableIRQ
</UL>
<BR>[Called By]<UL><LI><a href="#[9c]">&gt;&gt;</a>&nbsp;&nbsp;&nbsp;UART0_Init
<LI><a href="#[2f]">&gt;&gt;</a>&nbsp;&nbsp;&nbsp;APP_StandbyWaitCanWake
<LI><a href="#[89]">&gt;&gt;</a>&nbsp;&nbsp;&nbsp;TIMER1_Init
</UL>

<P><STRONG><a name="[36]"></a>TIMER_Start</STRONG> (Thumb, 24 bytes, Stack size 4 bytes, lto-llvm-295afc.o(.text.TIMER_Start))
<BR><BR>[Stack]<UL><LI>Max Depth = 4<LI>Call Chain = TIMER_Start
</UL>
<BR>[Called By]<UL><LI><a href="#[2f]">&gt;&gt;</a>&nbsp;&nbsp;&nbsp;APP_StandbyWaitCanWake
<LI><a href="#[89]">&gt;&gt;</a>&nbsp;&nbsp;&nbsp;TIMER1_Init
</UL>

<P><STRONG><a name="[a4]"></a>loop</STRONG> (Thumb, 136 bytes, Stack size 8 bytes, lto-llvm-295afc.o(.text.loop))
<BR><BR>[Stack]<UL><LI>Max Depth = 128<LI>Call Chain = loop &rArr; CAN_SendMessage &rArr; CANFD_TransmitTxMsg &rArr; CANFD_TransmitDMsg &rArr; CANFD_EncodeDLC
</UL>
<BR>[Calls]<UL><LI><a href="#[69]">&gt;&gt;</a>&nbsp;&nbsp;&nbsp;CAN_SendMessage
<LI><a href="#[2f]">&gt;&gt;</a>&nbsp;&nbsp;&nbsp;APP_StandbyWaitCanWake
<LI><a href="#[27]">&gt;&gt;</a>&nbsp;&nbsp;&nbsp;APP_InvalidateChecksumAndReset
<LI><a href="#[66]">&gt;&gt;</a>&nbsp;&nbsp;&nbsp;CAN_Rx_process
<LI><a href="#[94]">&gt;&gt;</a>&nbsp;&nbsp;&nbsp;TimerService_Dispatch
</UL>
<BR>[Called By]<UL><LI><a href="#[7]">&gt;&gt;</a>&nbsp;&nbsp;&nbsp;main
</UL>

<P><STRONG><a name="[94]"></a>TimerService_Dispatch</STRONG> (Thumb, 12 bytes, Stack size 8 bytes, lto-llvm-295afc.o(.text.TimerService_Dispatch))
<BR><BR>[Stack]<UL><LI>Max Depth = 56<LI>Call Chain = TimerService_Dispatch &rArr; TimerService_DispatchQueue &rArr; TimerService_DequeueEvent
</UL>
<BR>[Calls]<UL><LI><a href="#[96]">&gt;&gt;</a>&nbsp;&nbsp;&nbsp;TimerService_DispatchFlag
<LI><a href="#[95]">&gt;&gt;</a>&nbsp;&nbsp;&nbsp;TimerService_DispatchQueue
</UL>
<BR>[Called By]<UL><LI><a href="#[a4]">&gt;&gt;</a>&nbsp;&nbsp;&nbsp;loop
</UL>

<P><STRONG><a name="[66]"></a>CAN_Rx_process</STRONG> (Thumb, 272 bytes, Stack size 24 bytes, lto-llvm-295afc.o(.text.CAN_Rx_process))
<BR><BR>[Stack]<UL><LI>Max Depth = 120<LI>Call Chain = CAN_Rx_process &rArr; CANFD_ReadRxFifoMsg &rArr; CANFD_CopyRxFifoToMsgBuf &rArr; CANFD_CopyDBufToMsgBuf &rArr; CANFD_DecodeDLC
</UL>
<BR>[Calls]<UL><LI><a href="#[65]">&gt;&gt;</a>&nbsp;&nbsp;&nbsp;CAN_PrintRxMessage
<LI><a href="#[56]">&gt;&gt;</a>&nbsp;&nbsp;&nbsp;CANFD_ReadRxFifoMsg
<LI><a href="#[68]">&gt;&gt;</a>&nbsp;&nbsp;&nbsp;CAN_RxFifo1FillLevel
<LI><a href="#[67]">&gt;&gt;</a>&nbsp;&nbsp;&nbsp;CAN_RxFifo0FillLevel
<LI><a href="#[28]">&gt;&gt;</a>&nbsp;&nbsp;&nbsp;printf
<LI><a href="#[3c]">&gt;&gt;</a>&nbsp;&nbsp;&nbsp;__aeabi_memclr4
</UL>
<BR>[Called By]<UL><LI><a href="#[a4]">&gt;&gt;</a>&nbsp;&nbsp;&nbsp;loop
</UL>

<P><STRONG><a name="[27]"></a>APP_InvalidateChecksumAndReset</STRONG> (Thumb, 120 bytes, Stack size 16 bytes, lto-llvm-295afc.o(.text.APP_InvalidateChecksumAndReset))
<BR><BR>[Stack]<UL><LI>Max Depth = 40<LI>Call Chain = APP_InvalidateChecksumAndReset &rArr; printf
</UL>
<BR>[Calls]<UL><LI><a href="#[2e]">&gt;&gt;</a>&nbsp;&nbsp;&nbsp;SYS_ResetChip
<LI><a href="#[2d]">&gt;&gt;</a>&nbsp;&nbsp;&nbsp;FMC_SetVectorPageAddr
<LI><a href="#[2c]">&gt;&gt;</a>&nbsp;&nbsp;&nbsp;FMC_Read
<LI><a href="#[2b]">&gt;&gt;</a>&nbsp;&nbsp;&nbsp;FMC_ISP_Program
<LI><a href="#[2a]">&gt;&gt;</a>&nbsp;&nbsp;&nbsp;FMC_Open
<LI><a href="#[29]">&gt;&gt;</a>&nbsp;&nbsp;&nbsp;SYS_UnlockReg
<LI><a href="#[28]">&gt;&gt;</a>&nbsp;&nbsp;&nbsp;printf
</UL>
<BR>[Called By]<UL><LI><a href="#[a4]">&gt;&gt;</a>&nbsp;&nbsp;&nbsp;loop
</UL>

<P><STRONG><a name="[2f]"></a>APP_StandbyWaitCanWake</STRONG> (Thumb, 160 bytes, Stack size 24 bytes, lto-llvm-295afc.o(.text.APP_StandbyWaitCanWake))
<BR><BR>[Stack]<UL><LI>Max Depth = 48<LI>Call Chain = APP_StandbyWaitCanWake &rArr; printf
</UL>
<BR>[Calls]<UL><LI><a href="#[33]">&gt;&gt;</a>&nbsp;&nbsp;&nbsp;UART_DisableInt
<LI><a href="#[32]">&gt;&gt;</a>&nbsp;&nbsp;&nbsp;__NVIC_DisableIRQ
<LI><a href="#[31]">&gt;&gt;</a>&nbsp;&nbsp;&nbsp;TIMER_Stop
<LI><a href="#[30]">&gt;&gt;</a>&nbsp;&nbsp;&nbsp;TIMER_DisableInt
<LI><a href="#[36]">&gt;&gt;</a>&nbsp;&nbsp;&nbsp;TIMER_Start
<LI><a href="#[34]">&gt;&gt;</a>&nbsp;&nbsp;&nbsp;__NVIC_EnableIRQ
<LI><a href="#[35]">&gt;&gt;</a>&nbsp;&nbsp;&nbsp;TIMER_EnableInt
<LI><a href="#[28]">&gt;&gt;</a>&nbsp;&nbsp;&nbsp;printf
</UL>
<BR>[Called By]<UL><LI><a href="#[a4]">&gt;&gt;</a>&nbsp;&nbsp;&nbsp;loop
</UL>

<P><STRONG><a name="[69]"></a>CAN_SendMessage</STRONG> (Thumb, 284 bytes, Stack size 40 bytes, lto-llvm-295afc.o(.text.CAN_SendMessage))
<BR><BR>[Stack]<UL><LI>Max Depth = 120<LI>Call Chain = CAN_SendMessage &rArr; CANFD_TransmitTxMsg &rArr; CANFD_TransmitDMsg &rArr; CANFD_EncodeDLC
</UL>
<BR>[Calls]<UL><LI><a href="#[5a]">&gt;&gt;</a>&nbsp;&nbsp;&nbsp;CAN_DumpBusStatus
<LI><a href="#[59]">&gt;&gt;</a>&nbsp;&nbsp;&nbsp;CANFD_TransmitTxMsg
<LI><a href="#[28]">&gt;&gt;</a>&nbsp;&nbsp;&nbsp;printf
</UL>
<BR>[Called By]<UL><LI><a href="#[a4]">&gt;&gt;</a>&nbsp;&nbsp;&nbsp;loop
</UL>

<P><STRONG><a name="[29]"></a>SYS_UnlockReg</STRONG> (Thumb, 52 bytes, Stack size 4 bytes, lto-llvm-295afc.o(.text.SYS_UnlockReg))
<BR><BR>[Stack]<UL><LI>Max Depth = 4<LI>Call Chain = SYS_UnlockReg
</UL>
<BR>[Called By]<UL><LI><a href="#[7d]">&gt;&gt;</a>&nbsp;&nbsp;&nbsp;SYS_Init
<LI><a href="#[9a]">&gt;&gt;</a>&nbsp;&nbsp;&nbsp;UARTx_Process
<LI><a href="#[27]">&gt;&gt;</a>&nbsp;&nbsp;&nbsp;APP_InvalidateChecksumAndReset
</UL>

<P><STRONG><a name="[2a]"></a>FMC_Open</STRONG> (Thumb, 12 bytes, Stack size 0 bytes, lto-llvm-295afc.o(.text.FMC_Open))
<BR><BR>[Called By]<UL><LI><a href="#[27]">&gt;&gt;</a>&nbsp;&nbsp;&nbsp;APP_InvalidateChecksumAndReset
</UL>

<P><STRONG><a name="[2b]"></a>FMC_ISP_Program</STRONG> (Thumb, 92 bytes, Stack size 16 bytes, lto-llvm-295afc.o(.text.FMC_ISP_Program))
<BR><BR>[Stack]<UL><LI>Max Depth = 16<LI>Call Chain = FMC_ISP_Program
</UL>
<BR>[Called By]<UL><LI><a href="#[27]">&gt;&gt;</a>&nbsp;&nbsp;&nbsp;APP_InvalidateChecksumAndReset
</UL>

<P><STRONG><a name="[2c]"></a>FMC_Read</STRONG> (Thumb, 80 bytes, Stack size 12 bytes, lto-llvm-295afc.o(.text.FMC_Read))
<BR><BR>[Stack]<UL><LI>Max Depth = 12<LI>Call Chain = FMC_Read
</UL>
<BR>[Called By]<UL><LI><a href="#[27]">&gt;&gt;</a>&nbsp;&nbsp;&nbsp;APP_InvalidateChecksumAndReset
</UL>

<P><STRONG><a name="[2d]"></a>FMC_SetVectorPageAddr</STRONG> (Thumb, 76 bytes, Stack size 12 bytes, lto-llvm-295afc.o(.text.FMC_SetVectorPageAddr))
<BR><BR>[Stack]<UL><LI>Max Depth = 12<LI>Call Chain = FMC_SetVectorPageAddr
</UL>
<BR>[Called By]<UL><LI><a href="#[27]">&gt;&gt;</a>&nbsp;&nbsp;&nbsp;APP_InvalidateChecksumAndReset
</UL>

<P><STRONG><a name="[2e]"></a>SYS_ResetChip</STRONG> (Thumb, 12 bytes, Stack size 0 bytes, lto-llvm-295afc.o(.text.SYS_ResetChip))
<BR><BR>[Called By]<UL><LI><a href="#[9a]">&gt;&gt;</a>&nbsp;&nbsp;&nbsp;UARTx_Process
<LI><a href="#[27]">&gt;&gt;</a>&nbsp;&nbsp;&nbsp;APP_InvalidateChecksumAndReset
</UL>

<P><STRONG><a name="[30]"></a>TIMER_DisableInt</STRONG> (Thumb, 24 bytes, Stack size 4 bytes, lto-llvm-295afc.o(.text.TIMER_DisableInt))
<BR><BR>[Stack]<UL><LI>Max Depth = 4<LI>Call Chain = TIMER_DisableInt
</UL>
<BR>[Called By]<UL><LI><a href="#[2f]">&gt;&gt;</a>&nbsp;&nbsp;&nbsp;APP_StandbyWaitCanWake
</UL>

<P><STRONG><a name="[31]"></a>TIMER_Stop</STRONG> (Thumb, 24 bytes, Stack size 4 bytes, lto-llvm-295afc.o(.text.TIMER_Stop))
<BR><BR>[Stack]<UL><LI>Max Depth = 4<LI>Call Chain = TIMER_Stop
</UL>
<BR>[Called By]<UL><LI><a href="#[2f]">&gt;&gt;</a>&nbsp;&nbsp;&nbsp;APP_StandbyWaitCanWake
</UL>

<P><STRONG><a name="[32]"></a>__NVIC_DisableIRQ</STRONG> (Thumb, 56 bytes, Stack size 4 bytes, lto-llvm-295afc.o(.text.__NVIC_DisableIRQ))
<BR><BR>[Stack]<UL><LI>Max Depth = 4<LI>Call Chain = __NVIC_DisableIRQ
</UL>
<BR>[Called By]<UL><LI><a href="#[2f]">&gt;&gt;</a>&nbsp;&nbsp;&nbsp;APP_StandbyWaitCanWake
</UL>

<P><STRONG><a name="[33]"></a>UART_DisableInt</STRONG> (Thumb, 24 bytes, Stack size 8 bytes, lto-llvm-295afc.o(.text.UART_DisableInt))
<BR><BR>[Stack]<UL><LI>Max Depth = 8<LI>Call Chain = UART_DisableInt
</UL>
<BR>[Called By]<UL><LI><a href="#[2f]">&gt;&gt;</a>&nbsp;&nbsp;&nbsp;APP_StandbyWaitCanWake
</UL>

<P><STRONG><a name="[9a]"></a>UARTx_Process</STRONG> (Thumb, 488 bytes, Stack size 16 bytes, lto-llvm-295afc.o(.text.UARTx_Process))
<BR><BR>[Stack]<UL><LI>Max Depth = 184<LI>Call Chain = UARTx_Process &rArr; PWM_AdjustSelected &rArr; PWM_ApplyChannel &rArr; PWM_ConfigOutputChannel &rArr; CLK_GetPCLK0Freq &rArr; SystemCoreClockUpdate &rArr; CLK_GetPLLClockFreq
</UL>
<BR>[Calls]<UL><LI><a href="#[74]">&gt;&gt;</a>&nbsp;&nbsp;&nbsp;PWM_AdjustSelected
<LI><a href="#[7c]">&gt;&gt;</a>&nbsp;&nbsp;&nbsp;PWM_SelectControl
<LI><a href="#[2e]">&gt;&gt;</a>&nbsp;&nbsp;&nbsp;SYS_ResetChip
<LI><a href="#[29]">&gt;&gt;</a>&nbsp;&nbsp;&nbsp;SYS_UnlockReg
<LI><a href="#[28]">&gt;&gt;</a>&nbsp;&nbsp;&nbsp;printf
</UL>
<BR>[Called By]<UL><LI><a href="#[5]">&gt;&gt;</a>&nbsp;&nbsp;&nbsp;UART0_IRQHandler
</UL>

<P><STRONG><a name="[7c]"></a>PWM_SelectControl</STRONG> (Thumb, 36 bytes, Stack size 16 bytes, lto-llvm-295afc.o(.text.PWM_SelectControl))
<BR><BR>[Stack]<UL><LI>Max Depth = 64<LI>Call Chain = PWM_SelectControl &rArr; PWM_PrintStatus &rArr; printf
</UL>
<BR>[Calls]<UL><LI><a href="#[76]">&gt;&gt;</a>&nbsp;&nbsp;&nbsp;PWM_PrintStatus
</UL>
<BR>[Called By]<UL><LI><a href="#[9a]">&gt;&gt;</a>&nbsp;&nbsp;&nbsp;UARTx_Process
</UL>

<P><STRONG><a name="[74]"></a>PWM_AdjustSelected</STRONG> (Thumb, 208 bytes, Stack size 24 bytes, lto-llvm-295afc.o(.text.PWM_AdjustSelected))
<BR><BR>[Stack]<UL><LI>Max Depth = 168<LI>Call Chain = PWM_AdjustSelected &rArr; PWM_ApplyChannel &rArr; PWM_ConfigOutputChannel &rArr; CLK_GetPCLK0Freq &rArr; SystemCoreClockUpdate &rArr; CLK_GetPLLClockFreq
</UL>
<BR>[Calls]<UL><LI><a href="#[75]">&gt;&gt;</a>&nbsp;&nbsp;&nbsp;PWM_ApplyChannel
<LI><a href="#[76]">&gt;&gt;</a>&nbsp;&nbsp;&nbsp;PWM_PrintStatus
</UL>
<BR>[Called By]<UL><LI><a href="#[9a]">&gt;&gt;</a>&nbsp;&nbsp;&nbsp;UARTx_Process
</UL>

<P><STRONG><a name="[76]"></a>PWM_PrintStatus</STRONG> (Thumb, 104 bytes, Stack size 24 bytes, lto-llvm-295afc.o(.text.PWM_PrintStatus))
<BR><BR>[Stack]<UL><LI>Max Depth = 48<LI>Call Chain = PWM_PrintStatus &rArr; printf
</UL>
<BR>[Calls]<UL><LI><a href="#[28]">&gt;&gt;</a>&nbsp;&nbsp;&nbsp;printf
</UL>
<BR>[Called By]<UL><LI><a href="#[79]">&gt;&gt;</a>&nbsp;&nbsp;&nbsp;PWM_InitChannels
<LI><a href="#[74]">&gt;&gt;</a>&nbsp;&nbsp;&nbsp;PWM_AdjustSelected
<LI><a href="#[7c]">&gt;&gt;</a>&nbsp;&nbsp;&nbsp;PWM_SelectControl
</UL>

<P><STRONG><a name="[75]"></a>PWM_ApplyChannel</STRONG> (Thumb, 48 bytes, Stack size 16 bytes, lto-llvm-295afc.o(.text.PWM_ApplyChannel))
<BR><BR>[Stack]<UL><LI>Max Depth = 144<LI>Call Chain = PWM_ApplyChannel &rArr; PWM_ConfigOutputChannel &rArr; CLK_GetPCLK0Freq &rArr; SystemCoreClockUpdate &rArr; CLK_GetPLLClockFreq
</UL>
<BR>[Calls]<UL><LI><a href="#[77]">&gt;&gt;</a>&nbsp;&nbsp;&nbsp;PWM_ConfigOutputChannel
</UL>
<BR>[Called By]<UL><LI><a href="#[79]">&gt;&gt;</a>&nbsp;&nbsp;&nbsp;PWM_InitChannels
<LI><a href="#[74]">&gt;&gt;</a>&nbsp;&nbsp;&nbsp;PWM_AdjustSelected
</UL>

<P><STRONG><a name="[77]"></a>PWM_ConfigOutputChannel</STRONG> (Thumb, 336 bytes, Stack size 56 bytes, lto-llvm-295afc.o(.text.PWM_ConfigOutputChannel))
<BR><BR>[Stack]<UL><LI>Max Depth = 128<LI>Call Chain = PWM_ConfigOutputChannel &rArr; CLK_GetPCLK0Freq &rArr; SystemCoreClockUpdate &rArr; CLK_GetPLLClockFreq
</UL>
<BR>[Calls]<UL><LI><a href="#[6e]">&gt;&gt;</a>&nbsp;&nbsp;&nbsp;CLK_GetPCLK0Freq
<LI><a href="#[6d]">&gt;&gt;</a>&nbsp;&nbsp;&nbsp;SystemCoreClockUpdate
<LI><a href="#[78]">&gt;&gt;</a>&nbsp;&nbsp;&nbsp;CLK_GetPLLClockFreq.197
</UL>
<BR>[Called By]<UL><LI><a href="#[75]">&gt;&gt;</a>&nbsp;&nbsp;&nbsp;PWM_ApplyChannel
</UL>

<P><STRONG><a name="[9b]"></a>UART_ClearIntFlag</STRONG> (Thumb, 156 bytes, Stack size 8 bytes, lto-llvm-295afc.o(.text.UART_ClearIntFlag))
<BR><BR>[Stack]<UL><LI>Max Depth = 8<LI>Call Chain = UART_ClearIntFlag
</UL>
<BR>[Called By]<UL><LI><a href="#[5]">&gt;&gt;</a>&nbsp;&nbsp;&nbsp;UART0_IRQHandler
</UL>

<P><STRONG><a name="[9c]"></a>UART0_Init</STRONG> (Thumb, 96 bytes, Stack size 8 bytes, lto-llvm-295afc.o(.text.UART0_Init))
<BR><BR>[Stack]<UL><LI>Max Depth = 88<LI>Call Chain = UART0_Init &rArr; UART_Open &rArr; CLK_GetPLLClockFreq.159
</UL>
<BR>[Calls]<UL><LI><a href="#[6f]">&gt;&gt;</a>&nbsp;&nbsp;&nbsp;CLK_GetPCLK1Freq
<LI><a href="#[6e]">&gt;&gt;</a>&nbsp;&nbsp;&nbsp;CLK_GetPCLK0Freq
<LI><a href="#[9f]">&gt;&gt;</a>&nbsp;&nbsp;&nbsp;CLK_GetLXTFreq
<LI><a href="#[5d]">&gt;&gt;</a>&nbsp;&nbsp;&nbsp;CLK_GetHXTFreq
<LI><a href="#[48]">&gt;&gt;</a>&nbsp;&nbsp;&nbsp;CLK_GetHCLKFreq
<LI><a href="#[6c]">&gt;&gt;</a>&nbsp;&nbsp;&nbsp;CLK_GetCPUFreq
<LI><a href="#[9e]">&gt;&gt;</a>&nbsp;&nbsp;&nbsp;UART_EnableInt
<LI><a href="#[9d]">&gt;&gt;</a>&nbsp;&nbsp;&nbsp;UART_Open
<LI><a href="#[50]">&gt;&gt;</a>&nbsp;&nbsp;&nbsp;SYS_ResetModule
<LI><a href="#[34]">&gt;&gt;</a>&nbsp;&nbsp;&nbsp;__NVIC_EnableIRQ
<LI><a href="#[28]">&gt;&gt;</a>&nbsp;&nbsp;&nbsp;printf
</UL>
<BR>[Called By]<UL><LI><a href="#[7]">&gt;&gt;</a>&nbsp;&nbsp;&nbsp;main
</UL>

<P><STRONG><a name="[50]"></a>SYS_ResetModule</STRONG> (Thumb, 52 bytes, Stack size 20 bytes, lto-llvm-295afc.o(.text.SYS_ResetModule))
<BR><BR>[Stack]<UL><LI>Max Depth = 20<LI>Call Chain = SYS_ResetModule
</UL>
<BR>[Called By]<UL><LI><a href="#[4c]">&gt;&gt;</a>&nbsp;&nbsp;&nbsp;CANFD_Open
<LI><a href="#[5f]">&gt;&gt;</a>&nbsp;&nbsp;&nbsp;CAN_Init
<LI><a href="#[9c]">&gt;&gt;</a>&nbsp;&nbsp;&nbsp;UART0_Init
</UL>

<P><STRONG><a name="[9d]"></a>UART_Open</STRONG> (Thumb, 268 bytes, Stack size 48 bytes, lto-llvm-295afc.o(.text.UART_Open))
<BR><BR>[Stack]<UL><LI>Max Depth = 80<LI>Call Chain = UART_Open &rArr; CLK_GetPLLClockFreq.159
</UL>
<BR>[Calls]<UL><LI><a href="#[a0]">&gt;&gt;</a>&nbsp;&nbsp;&nbsp;CLK_GetPLLClockFreq.159
</UL>
<BR>[Called By]<UL><LI><a href="#[9c]">&gt;&gt;</a>&nbsp;&nbsp;&nbsp;UART0_Init
</UL>

<P><STRONG><a name="[9e]"></a>UART_EnableInt</STRONG> (Thumb, 24 bytes, Stack size 8 bytes, lto-llvm-295afc.o(.text.UART_EnableInt))
<BR><BR>[Stack]<UL><LI>Max Depth = 8<LI>Call Chain = UART_EnableInt
</UL>
<BR>[Called By]<UL><LI><a href="#[9c]">&gt;&gt;</a>&nbsp;&nbsp;&nbsp;UART0_Init
</UL>

<P><STRONG><a name="[6c]"></a>CLK_GetCPUFreq</STRONG> (Thumb, 12 bytes, Stack size 8 bytes, lto-llvm-295afc.o(.text.CLK_GetCPUFreq))
<BR><BR>[Stack]<UL><LI>Max Depth = 64<LI>Call Chain = CLK_GetCPUFreq &rArr; SystemCoreClockUpdate &rArr; CLK_GetPLLClockFreq
</UL>
<BR>[Calls]<UL><LI><a href="#[6d]">&gt;&gt;</a>&nbsp;&nbsp;&nbsp;SystemCoreClockUpdate
</UL>
<BR>[Called By]<UL><LI><a href="#[9c]">&gt;&gt;</a>&nbsp;&nbsp;&nbsp;UART0_Init
</UL>

<P><STRONG><a name="[48]"></a>CLK_GetHCLKFreq</STRONG> (Thumb, 12 bytes, Stack size 8 bytes, lto-llvm-295afc.o(.text.CLK_GetHCLKFreq))
<BR><BR>[Stack]<UL><LI>Max Depth = 64<LI>Call Chain = CLK_GetHCLKFreq &rArr; SystemCoreClockUpdate &rArr; CLK_GetPLLClockFreq
</UL>
<BR>[Calls]<UL><LI><a href="#[6d]">&gt;&gt;</a>&nbsp;&nbsp;&nbsp;SystemCoreClockUpdate
</UL>
<BR>[Called By]<UL><LI><a href="#[5c]">&gt;&gt;</a>&nbsp;&nbsp;&nbsp;CAN_GetModuleClock
<LI><a href="#[9c]">&gt;&gt;</a>&nbsp;&nbsp;&nbsp;UART0_Init
<LI><a href="#[45]">&gt;&gt;</a>&nbsp;&nbsp;&nbsp;CANFD_GetSourceClock
</UL>

<P><STRONG><a name="[5d]"></a>CLK_GetHXTFreq</STRONG> (Thumb, 32 bytes, Stack size 4 bytes, lto-llvm-295afc.o(.text.CLK_GetHXTFreq))
<BR><BR>[Stack]<UL><LI>Max Depth = 4<LI>Call Chain = CLK_GetHXTFreq
</UL>
<BR>[Called By]<UL><LI><a href="#[5c]">&gt;&gt;</a>&nbsp;&nbsp;&nbsp;CAN_GetModuleClock
<LI><a href="#[9c]">&gt;&gt;</a>&nbsp;&nbsp;&nbsp;UART0_Init
</UL>

<P><STRONG><a name="[9f]"></a>CLK_GetLXTFreq</STRONG> (Thumb, 36 bytes, Stack size 4 bytes, lto-llvm-295afc.o(.text.CLK_GetLXTFreq))
<BR><BR>[Stack]<UL><LI>Max Depth = 4<LI>Call Chain = CLK_GetLXTFreq
</UL>
<BR>[Called By]<UL><LI><a href="#[9c]">&gt;&gt;</a>&nbsp;&nbsp;&nbsp;UART0_Init
</UL>

<P><STRONG><a name="[6e]"></a>CLK_GetPCLK0Freq</STRONG> (Thumb, 48 bytes, Stack size 16 bytes, lto-llvm-295afc.o(.text.CLK_GetPCLK0Freq))
<BR><BR>[Stack]<UL><LI>Max Depth = 72<LI>Call Chain = CLK_GetPCLK0Freq &rArr; SystemCoreClockUpdate &rArr; CLK_GetPLLClockFreq
</UL>
<BR>[Calls]<UL><LI><a href="#[6d]">&gt;&gt;</a>&nbsp;&nbsp;&nbsp;SystemCoreClockUpdate
</UL>
<BR>[Called By]<UL><LI><a href="#[9c]">&gt;&gt;</a>&nbsp;&nbsp;&nbsp;UART0_Init
<LI><a href="#[77]">&gt;&gt;</a>&nbsp;&nbsp;&nbsp;PWM_ConfigOutputChannel
<LI><a href="#[8b]">&gt;&gt;</a>&nbsp;&nbsp;&nbsp;TIMER_GetModuleClock
</UL>

<P><STRONG><a name="[6f]"></a>CLK_GetPCLK1Freq</STRONG> (Thumb, 48 bytes, Stack size 16 bytes, lto-llvm-295afc.o(.text.CLK_GetPCLK1Freq))
<BR><BR>[Stack]<UL><LI>Max Depth = 72<LI>Call Chain = CLK_GetPCLK1Freq &rArr; SystemCoreClockUpdate &rArr; CLK_GetPLLClockFreq
</UL>
<BR>[Calls]<UL><LI><a href="#[6d]">&gt;&gt;</a>&nbsp;&nbsp;&nbsp;SystemCoreClockUpdate
</UL>
<BR>[Called By]<UL><LI><a href="#[9c]">&gt;&gt;</a>&nbsp;&nbsp;&nbsp;UART0_Init
<LI><a href="#[8b]">&gt;&gt;</a>&nbsp;&nbsp;&nbsp;TIMER_GetModuleClock
</UL>

<P><STRONG><a name="[72]"></a>GPIO_Init</STRONG> (Thumb, 52 bytes, Stack size 8 bytes, lto-llvm-295afc.o(.text.GPIO_Init))
<BR><BR>[Stack]<UL><LI>Max Depth = 24<LI>Call Chain = GPIO_Init &rArr; GPIO_SetMode
</UL>
<BR>[Calls]<UL><LI><a href="#[73]">&gt;&gt;</a>&nbsp;&nbsp;&nbsp;GPIO_SetMode
</UL>
<BR>[Called By]<UL><LI><a href="#[7]">&gt;&gt;</a>&nbsp;&nbsp;&nbsp;main
</UL>

<P><STRONG><a name="[73]"></a>GPIO_SetMode</STRONG> (Thumb, 76 bytes, Stack size 16 bytes, lto-llvm-295afc.o(.text.GPIO_SetMode))
<BR><BR>[Stack]<UL><LI>Max Depth = 16<LI>Call Chain = GPIO_SetMode
</UL>
<BR>[Called By]<UL><LI><a href="#[72]">&gt;&gt;</a>&nbsp;&nbsp;&nbsp;GPIO_Init
</UL>

<P><STRONG><a name="[7d]"></a>SYS_Init</STRONG> (Thumb, 224 bytes, Stack size 16 bytes, lto-llvm-295afc.o(.text.SYS_Init))
<BR><BR>[Stack]<UL><LI>Max Depth = 116<LI>Call Chain = SYS_Init &rArr; CLK_SetCoreClock &rArr; CLK_EnablePLL &rArr; CLK_WaitClockReady
</UL>
<BR>[Calls]<UL><LI><a href="#[80]">&gt;&gt;</a>&nbsp;&nbsp;&nbsp;SYS_LockReg
<LI><a href="#[7f]">&gt;&gt;</a>&nbsp;&nbsp;&nbsp;CLK_SetModuleClock
<LI><a href="#[4f]">&gt;&gt;</a>&nbsp;&nbsp;&nbsp;CLK_EnableModuleClock
<LI><a href="#[71]">&gt;&gt;</a>&nbsp;&nbsp;&nbsp;CLK_SetHCLK
<LI><a href="#[70]">&gt;&gt;</a>&nbsp;&nbsp;&nbsp;CLK_SetCoreClock
<LI><a href="#[6b]">&gt;&gt;</a>&nbsp;&nbsp;&nbsp;CLK_WaitClockReady
<LI><a href="#[7e]">&gt;&gt;</a>&nbsp;&nbsp;&nbsp;CLK_EnableXtalRC
<LI><a href="#[29]">&gt;&gt;</a>&nbsp;&nbsp;&nbsp;SYS_UnlockReg
<LI><a href="#[6d]">&gt;&gt;</a>&nbsp;&nbsp;&nbsp;SystemCoreClockUpdate
</UL>
<BR>[Called By]<UL><LI><a href="#[7]">&gt;&gt;</a>&nbsp;&nbsp;&nbsp;main
</UL>

<P><STRONG><a name="[7e]"></a>CLK_EnableXtalRC</STRONG> (Thumb, 20 bytes, Stack size 4 bytes, lto-llvm-295afc.o(.text.CLK_EnableXtalRC))
<BR><BR>[Stack]<UL><LI>Max Depth = 4<LI>Call Chain = CLK_EnableXtalRC
</UL>
<BR>[Called By]<UL><LI><a href="#[7d]">&gt;&gt;</a>&nbsp;&nbsp;&nbsp;SYS_Init
</UL>

<P><STRONG><a name="[6b]"></a>CLK_WaitClockReady</STRONG> (Thumb, 60 bytes, Stack size 12 bytes, lto-llvm-295afc.o(.text.CLK_WaitClockReady))
<BR><BR>[Stack]<UL><LI>Max Depth = 12<LI>Call Chain = CLK_WaitClockReady
</UL>
<BR>[Called By]<UL><LI><a href="#[71]">&gt;&gt;</a>&nbsp;&nbsp;&nbsp;CLK_SetHCLK
<LI><a href="#[70]">&gt;&gt;</a>&nbsp;&nbsp;&nbsp;CLK_SetCoreClock
<LI><a href="#[7d]">&gt;&gt;</a>&nbsp;&nbsp;&nbsp;SYS_Init
<LI><a href="#[6a]">&gt;&gt;</a>&nbsp;&nbsp;&nbsp;CLK_EnablePLL
</UL>

<P><STRONG><a name="[70]"></a>CLK_SetCoreClock</STRONG> (Thumb, 164 bytes, Stack size 16 bytes, lto-llvm-295afc.o(.text.CLK_SetCoreClock))
<BR><BR>[Stack]<UL><LI>Max Depth = 100<LI>Call Chain = CLK_SetCoreClock &rArr; CLK_EnablePLL &rArr; CLK_WaitClockReady
</UL>
<BR>[Calls]<UL><LI><a href="#[71]">&gt;&gt;</a>&nbsp;&nbsp;&nbsp;CLK_SetHCLK
<LI><a href="#[6b]">&gt;&gt;</a>&nbsp;&nbsp;&nbsp;CLK_WaitClockReady
<LI><a href="#[6a]">&gt;&gt;</a>&nbsp;&nbsp;&nbsp;CLK_EnablePLL
</UL>
<BR>[Called By]<UL><LI><a href="#[7d]">&gt;&gt;</a>&nbsp;&nbsp;&nbsp;SYS_Init
</UL>

<P><STRONG><a name="[71]"></a>CLK_SetHCLK</STRONG> (Thumb, 208 bytes, Stack size 24 bytes, lto-llvm-295afc.o(.text.CLK_SetHCLK))
<BR><BR>[Stack]<UL><LI>Max Depth = 80<LI>Call Chain = CLK_SetHCLK &rArr; SystemCoreClockUpdate &rArr; CLK_GetPLLClockFreq
</UL>
<BR>[Calls]<UL><LI><a href="#[6b]">&gt;&gt;</a>&nbsp;&nbsp;&nbsp;CLK_WaitClockReady
<LI><a href="#[6d]">&gt;&gt;</a>&nbsp;&nbsp;&nbsp;SystemCoreClockUpdate
</UL>
<BR>[Called By]<UL><LI><a href="#[70]">&gt;&gt;</a>&nbsp;&nbsp;&nbsp;CLK_SetCoreClock
<LI><a href="#[7d]">&gt;&gt;</a>&nbsp;&nbsp;&nbsp;SYS_Init
</UL>

<P><STRONG><a name="[4f]"></a>CLK_EnableModuleClock</STRONG> (Thumb, 48 bytes, Stack size 16 bytes, lto-llvm-295afc.o(.text.CLK_EnableModuleClock))
<BR><BR>[Stack]<UL><LI>Max Depth = 16<LI>Call Chain = CLK_EnableModuleClock
</UL>
<BR>[Called By]<UL><LI><a href="#[4c]">&gt;&gt;</a>&nbsp;&nbsp;&nbsp;CANFD_Open
<LI><a href="#[7d]">&gt;&gt;</a>&nbsp;&nbsp;&nbsp;SYS_Init
</UL>

<P><STRONG><a name="[7f]"></a>CLK_SetModuleClock</STRONG> (Thumb, 148 bytes, Stack size 44 bytes, lto-llvm-295afc.o(.text.CLK_SetModuleClock))
<BR><BR>[Stack]<UL><LI>Max Depth = 44<LI>Call Chain = CLK_SetModuleClock
</UL>
<BR>[Called By]<UL><LI><a href="#[7d]">&gt;&gt;</a>&nbsp;&nbsp;&nbsp;SYS_Init
</UL>

<P><STRONG><a name="[80]"></a>SYS_LockReg</STRONG> (Thumb, 8 bytes, Stack size 0 bytes, lto-llvm-295afc.o(.text.SYS_LockReg))
<BR><BR>[Called By]<UL><LI><a href="#[7d]">&gt;&gt;</a>&nbsp;&nbsp;&nbsp;SYS_Init
</UL>

<P><STRONG><a name="[5f]"></a>CAN_Init</STRONG> (Thumb, 252 bytes, Stack size 144 bytes, lto-llvm-295afc.o(.text.CAN_Init))
<BR><BR>[Stack]<UL><LI>Max Depth = 284<LI>Call Chain = CAN_Init &rArr; CANFD_Open &rArr; CANFD_CalculateTimingValues &rArr; CANFD_GetSegments &rArr; __aeabi_ui2f &rArr; _float_epilogue
</UL>
<BR>[Calls]<UL><LI><a href="#[64]">&gt;&gt;</a>&nbsp;&nbsp;&nbsp;CANFD_RunToNormal
<LI><a href="#[63]">&gt;&gt;</a>&nbsp;&nbsp;&nbsp;__NVIC_EnableIRQ.112
<LI><a href="#[62]">&gt;&gt;</a>&nbsp;&nbsp;&nbsp;CANFD_EnableInt
<LI><a href="#[55]">&gt;&gt;</a>&nbsp;&nbsp;&nbsp;CANFD_SetGFC
<LI><a href="#[4c]">&gt;&gt;</a>&nbsp;&nbsp;&nbsp;CANFD_Open
<LI><a href="#[41]">&gt;&gt;</a>&nbsp;&nbsp;&nbsp;CANFD_GetDefaultConfig
<LI><a href="#[61]">&gt;&gt;</a>&nbsp;&nbsp;&nbsp;Get_CANFD_DataBitRate
<LI><a href="#[60]">&gt;&gt;</a>&nbsp;&nbsp;&nbsp;Get_CANFD_NominalBitRate
<LI><a href="#[38]">&gt;&gt;</a>&nbsp;&nbsp;&nbsp;CANFD_ClearStatusFlag
<LI><a href="#[50]">&gt;&gt;</a>&nbsp;&nbsp;&nbsp;SYS_ResetModule
<LI><a href="#[28]">&gt;&gt;</a>&nbsp;&nbsp;&nbsp;printf
</UL>
<BR>[Called By]<UL><LI><a href="#[7]">&gt;&gt;</a>&nbsp;&nbsp;&nbsp;main
</UL>

<P><STRONG><a name="[79]"></a>PWM_InitChannels</STRONG> (Thumb, 80 bytes, Stack size 16 bytes, lto-llvm-295afc.o(.text.PWM_InitChannels))
<BR><BR>[Stack]<UL><LI>Max Depth = 160<LI>Call Chain = PWM_InitChannels &rArr; PWM_ApplyChannel &rArr; PWM_ConfigOutputChannel &rArr; CLK_GetPCLK0Freq &rArr; SystemCoreClockUpdate &rArr; CLK_GetPLLClockFreq
</UL>
<BR>[Calls]<UL><LI><a href="#[7b]">&gt;&gt;</a>&nbsp;&nbsp;&nbsp;PWM_Start
<LI><a href="#[7a]">&gt;&gt;</a>&nbsp;&nbsp;&nbsp;PWM_EnableOutput
<LI><a href="#[75]">&gt;&gt;</a>&nbsp;&nbsp;&nbsp;PWM_ApplyChannel
<LI><a href="#[76]">&gt;&gt;</a>&nbsp;&nbsp;&nbsp;PWM_PrintStatus
</UL>
<BR>[Called By]<UL><LI><a href="#[7]">&gt;&gt;</a>&nbsp;&nbsp;&nbsp;main
</UL>

<P><STRONG><a name="[a5]"></a>TimerService_Init</STRONG> (Thumb, 88 bytes, Stack size 12 bytes, lto-llvm-295afc.o(.text.TimerService_Init))
<BR><BR>[Stack]<UL><LI>Max Depth = 12<LI>Call Chain = TimerService_Init
</UL>
<BR>[Called By]<UL><LI><a href="#[7]">&gt;&gt;</a>&nbsp;&nbsp;&nbsp;main
</UL>

<P><STRONG><a name="[7a]"></a>PWM_EnableOutput</STRONG> (Thumb, 24 bytes, Stack size 8 bytes, lto-llvm-295afc.o(.text.PWM_EnableOutput))
<BR><BR>[Stack]<UL><LI>Max Depth = 8<LI>Call Chain = PWM_EnableOutput
</UL>
<BR>[Called By]<UL><LI><a href="#[79]">&gt;&gt;</a>&nbsp;&nbsp;&nbsp;PWM_InitChannels
</UL>

<P><STRONG><a name="[7b]"></a>PWM_Start</STRONG> (Thumb, 68 bytes, Stack size 12 bytes, lto-llvm-295afc.o(.text.PWM_Start))
<BR><BR>[Stack]<UL><LI>Max Depth = 12<LI>Call Chain = PWM_Start
</UL>
<BR>[Called By]<UL><LI><a href="#[79]">&gt;&gt;</a>&nbsp;&nbsp;&nbsp;PWM_InitChannels
</UL>

<P><STRONG><a name="[99]"></a>TimerService_EnqueueEventFromISR</STRONG> (Thumb, 76 bytes, Stack size 12 bytes, lto-llvm-295afc.o(.text.TimerService_EnqueueEventFromISR))
<BR><BR>[Stack]<UL><LI>Max Depth = 12<LI>Call Chain = TimerService_EnqueueEventFromISR
</UL>
<BR>[Called By]<UL><LI><a href="#[8f]">&gt;&gt;</a>&nbsp;&nbsp;&nbsp;TimerService_Tick1ms
</UL>

<P><STRONG><a name="[98]"></a>TimerService_DequeueEvent</STRONG> (Thumb, 112 bytes, Stack size 24 bytes, lto-llvm-295afc.o(.text.TimerService_DequeueEvent))
<BR><BR>[Stack]<UL><LI>Max Depth = 24<LI>Call Chain = TimerService_DequeueEvent
</UL>
<BR>[Called By]<UL><LI><a href="#[95]">&gt;&gt;</a>&nbsp;&nbsp;&nbsp;TimerService_DispatchQueue
</UL>

<P><STRONG><a name="[95]"></a>TimerService_DispatchQueue</STRONG> (Thumb, 76 bytes, Stack size 24 bytes, lto-llvm-295afc.o(.text.TimerService_DispatchQueue))
<BR><BR>[Stack]<UL><LI>Max Depth = 48<LI>Call Chain = TimerService_DispatchQueue &rArr; TimerService_DequeueEvent
</UL>
<BR>[Calls]<UL><LI><a href="#[98]">&gt;&gt;</a>&nbsp;&nbsp;&nbsp;TimerService_DequeueEvent
</UL>
<BR>[Called By]<UL><LI><a href="#[94]">&gt;&gt;</a>&nbsp;&nbsp;&nbsp;TimerService_Dispatch
</UL>

<P><STRONG><a name="[96]"></a>TimerService_DispatchFlag</STRONG> (Thumb, 100 bytes, Stack size 24 bytes, lto-llvm-295afc.o(.text.TimerService_DispatchFlag))
<BR><BR>[Stack]<UL><LI>Max Depth = 40<LI>Call Chain = TimerService_DispatchFlag &rArr; TimerService_TakePending
</UL>
<BR>[Calls]<UL><LI><a href="#[97]">&gt;&gt;</a>&nbsp;&nbsp;&nbsp;TimerService_TakePending
</UL>
<BR>[Called By]<UL><LI><a href="#[94]">&gt;&gt;</a>&nbsp;&nbsp;&nbsp;TimerService_Dispatch
</UL>

<P><STRONG><a name="[97]"></a>TimerService_TakePending</STRONG> (Thumb, 50 bytes, Stack size 16 bytes, lto-llvm-295afc.o(.text.TimerService_TakePending))
<BR><BR>[Stack]<UL><LI>Max Depth = 16<LI>Call Chain = TimerService_TakePending
</UL>
<BR>[Called By]<UL><LI><a href="#[96]">&gt;&gt;</a>&nbsp;&nbsp;&nbsp;TimerService_DispatchFlag
</UL>

<P><STRONG><a name="[93]"></a>TimerService_CreateTimerQueue</STRONG> (Thumb, 116 bytes, Stack size 24 bytes, lto-llvm-295afc.o(.text.TimerService_CreateTimerQueue))
<BR><BR>[Stack]<UL><LI>Max Depth = 24<LI>Call Chain = TimerService_CreateTimerQueue
</UL>
<BR>[Called By]<UL><LI><a href="#[91]">&gt;&gt;</a>&nbsp;&nbsp;&nbsp;TimerService_CreateTimer
</UL>

<P><STRONG><a name="[37]"></a>CANFD_GetStatusFlag</STRONG> (Thumb, 24 bytes, Stack size 8 bytes, lto-llvm-295afc.o(.text.CANFD_GetStatusFlag))
<BR><BR>[Stack]<UL><LI>Max Depth = 8<LI>Call Chain = CANFD_GetStatusFlag
</UL>
<BR>[Called By]<UL><LI><a href="#[6]">&gt;&gt;</a>&nbsp;&nbsp;&nbsp;CANFD00_IRQHandler
</UL>

<P><STRONG><a name="[38]"></a>CANFD_ClearStatusFlag</STRONG> (Thumb, 24 bytes, Stack size 8 bytes, lto-llvm-295afc.o(.text.CANFD_ClearStatusFlag))
<BR><BR>[Stack]<UL><LI>Max Depth = 8<LI>Call Chain = CANFD_ClearStatusFlag
</UL>
<BR>[Called By]<UL><LI><a href="#[5f]">&gt;&gt;</a>&nbsp;&nbsp;&nbsp;CAN_Init
<LI><a href="#[6]">&gt;&gt;</a>&nbsp;&nbsp;&nbsp;CANFD00_IRQHandler
</UL>

<P><STRONG><a name="[67]"></a>CAN_RxFifo0FillLevel</STRONG> (Thumb, 12 bytes, Stack size 0 bytes, lto-llvm-295afc.o(.text.CAN_RxFifo0FillLevel))
<BR><BR>[Called By]<UL><LI><a href="#[66]">&gt;&gt;</a>&nbsp;&nbsp;&nbsp;CAN_Rx_process
</UL>

<P><STRONG><a name="[68]"></a>CAN_RxFifo1FillLevel</STRONG> (Thumb, 12 bytes, Stack size 0 bytes, lto-llvm-295afc.o(.text.CAN_RxFifo1FillLevel))
<BR><BR>[Called By]<UL><LI><a href="#[66]">&gt;&gt;</a>&nbsp;&nbsp;&nbsp;CAN_Rx_process
</UL>

<P><STRONG><a name="[56]"></a>CANFD_ReadRxFifoMsg</STRONG> (Thumb, 196 bytes, Stack size 48 bytes, lto-llvm-295afc.o(.text.CANFD_ReadRxFifoMsg))
<BR><BR>[Stack]<UL><LI>Max Depth = 96<LI>Call Chain = CANFD_ReadRxFifoMsg &rArr; CANFD_CopyRxFifoToMsgBuf &rArr; CANFD_CopyDBufToMsgBuf &rArr; CANFD_DecodeDLC
</UL>
<BR>[Calls]<UL><LI><a href="#[40]">&gt;&gt;</a>&nbsp;&nbsp;&nbsp;CANFD_CopyRxFifoToMsgBuf
</UL>
<BR>[Called By]<UL><LI><a href="#[66]">&gt;&gt;</a>&nbsp;&nbsp;&nbsp;CAN_Rx_process
</UL>

<P><STRONG><a name="[65]"></a>CAN_PrintRxMessage</STRONG> (Thumb, 148 bytes, Stack size 24 bytes, lto-llvm-295afc.o(.text.CAN_PrintRxMessage))
<BR><BR>[Stack]<UL><LI>Max Depth = 48<LI>Call Chain = CAN_PrintRxMessage &rArr; printf
</UL>
<BR>[Calls]<UL><LI><a href="#[28]">&gt;&gt;</a>&nbsp;&nbsp;&nbsp;printf
</UL>
<BR>[Called By]<UL><LI><a href="#[66]">&gt;&gt;</a>&nbsp;&nbsp;&nbsp;CAN_Rx_process
</UL>

<P><STRONG><a name="[59]"></a>CANFD_TransmitTxMsg</STRONG> (Thumb, 88 bytes, Stack size 32 bytes, lto-llvm-295afc.o(.text.CANFD_TransmitTxMsg))
<BR><BR>[Stack]<UL><LI>Max Depth = 80<LI>Call Chain = CANFD_TransmitTxMsg &rArr; CANFD_TransmitDMsg &rArr; CANFD_EncodeDLC
</UL>
<BR>[Calls]<UL><LI><a href="#[57]">&gt;&gt;</a>&nbsp;&nbsp;&nbsp;CANFD_TransmitDMsg
</UL>
<BR>[Called By]<UL><LI><a href="#[69]">&gt;&gt;</a>&nbsp;&nbsp;&nbsp;CAN_SendMessage
</UL>

<P><STRONG><a name="[5a]"></a>CAN_DumpBusStatus</STRONG> (Thumb, 72 bytes, Stack size 32 bytes, lto-llvm-295afc.o(.text.CAN_DumpBusStatus))
<BR><BR>[Stack]<UL><LI>Max Depth = 56<LI>Call Chain = CAN_DumpBusStatus &rArr; printf
</UL>
<BR>[Calls]<UL><LI><a href="#[5b]">&gt;&gt;</a>&nbsp;&nbsp;&nbsp;CANFD_GetBusErrCount
<LI><a href="#[28]">&gt;&gt;</a>&nbsp;&nbsp;&nbsp;printf
</UL>
<BR>[Called By]<UL><LI><a href="#[69]">&gt;&gt;</a>&nbsp;&nbsp;&nbsp;CAN_SendMessage
</UL>

<P><STRONG><a name="[5b]"></a>CANFD_GetBusErrCount</STRONG> (Thumb, 48 bytes, Stack size 12 bytes, lto-llvm-295afc.o(.text.CANFD_GetBusErrCount))
<BR><BR>[Stack]<UL><LI>Max Depth = 12<LI>Call Chain = CANFD_GetBusErrCount
</UL>
<BR>[Called By]<UL><LI><a href="#[5a]">&gt;&gt;</a>&nbsp;&nbsp;&nbsp;CAN_DumpBusStatus
</UL>

<P><STRONG><a name="[60]"></a>Get_CANFD_NominalBitRate</STRONG> (Thumb, 116 bytes, Stack size 40 bytes, lto-llvm-295afc.o(.text.Get_CANFD_NominalBitRate))
<BR><BR>[Stack]<UL><LI>Max Depth = 136<LI>Call Chain = Get_CANFD_NominalBitRate &rArr; CAN_GetModuleClock &rArr; CLK_GetHCLKFreq &rArr; SystemCoreClockUpdate &rArr; CLK_GetPLLClockFreq
</UL>
<BR>[Calls]<UL><LI><a href="#[5c]">&gt;&gt;</a>&nbsp;&nbsp;&nbsp;CAN_GetModuleClock
</UL>
<BR>[Called By]<UL><LI><a href="#[5f]">&gt;&gt;</a>&nbsp;&nbsp;&nbsp;CAN_Init
</UL>

<P><STRONG><a name="[5c]"></a>CAN_GetModuleClock</STRONG> (Thumb, 204 bytes, Stack size 32 bytes, lto-llvm-295afc.o(.text.CAN_GetModuleClock))
<BR><BR>[Stack]<UL><LI>Max Depth = 96<LI>Call Chain = CAN_GetModuleClock &rArr; CLK_GetHCLKFreq &rArr; SystemCoreClockUpdate &rArr; CLK_GetPLLClockFreq
</UL>
<BR>[Calls]<UL><LI><a href="#[5e]">&gt;&gt;</a>&nbsp;&nbsp;&nbsp;CLK_GetPLLClockFreq.97
<LI><a href="#[46]">&gt;&gt;</a>&nbsp;&nbsp;&nbsp;CLK_GetModuleClockSource
<LI><a href="#[5d]">&gt;&gt;</a>&nbsp;&nbsp;&nbsp;CLK_GetHXTFreq
<LI><a href="#[48]">&gt;&gt;</a>&nbsp;&nbsp;&nbsp;CLK_GetHCLKFreq
</UL>
<BR>[Called By]<UL><LI><a href="#[61]">&gt;&gt;</a>&nbsp;&nbsp;&nbsp;Get_CANFD_DataBitRate
<LI><a href="#[60]">&gt;&gt;</a>&nbsp;&nbsp;&nbsp;Get_CANFD_NominalBitRate
</UL>

<P><STRONG><a name="[46]"></a>CLK_GetModuleClockSource</STRONG> (Thumb, 84 bytes, Stack size 28 bytes, lto-llvm-295afc.o(.text.CLK_GetModuleClockSource))
<BR><BR>[Stack]<UL><LI>Max Depth = 28<LI>Call Chain = CLK_GetModuleClockSource
</UL>
<BR>[Called By]<UL><LI><a href="#[5c]">&gt;&gt;</a>&nbsp;&nbsp;&nbsp;CAN_GetModuleClock
<LI><a href="#[45]">&gt;&gt;</a>&nbsp;&nbsp;&nbsp;CANFD_GetSourceClock
</UL>

<P><STRONG><a name="[5e]"></a>CLK_GetPLLClockFreq.97</STRONG> (Thumb, 148 bytes, Stack size 32 bytes, lto-llvm-295afc.o(.text.CLK_GetPLLClockFreq.97))
<BR><BR>[Stack]<UL><LI>Max Depth = 32<LI>Call Chain = CLK_GetPLLClockFreq.97
</UL>
<BR>[Called By]<UL><LI><a href="#[5c]">&gt;&gt;</a>&nbsp;&nbsp;&nbsp;CAN_GetModuleClock
</UL>

<P><STRONG><a name="[61]"></a>Get_CANFD_DataBitRate</STRONG> (Thumb, 128 bytes, Stack size 40 bytes, lto-llvm-295afc.o(.text.Get_CANFD_DataBitRate))
<BR><BR>[Stack]<UL><LI>Max Depth = 136<LI>Call Chain = Get_CANFD_DataBitRate &rArr; CAN_GetModuleClock &rArr; CLK_GetHCLKFreq &rArr; SystemCoreClockUpdate &rArr; CLK_GetPLLClockFreq
</UL>
<BR>[Calls]<UL><LI><a href="#[5c]">&gt;&gt;</a>&nbsp;&nbsp;&nbsp;CAN_GetModuleClock
</UL>
<BR>[Called By]<UL><LI><a href="#[5f]">&gt;&gt;</a>&nbsp;&nbsp;&nbsp;CAN_Init
</UL>

<P><STRONG><a name="[41]"></a>CANFD_GetDefaultConfig</STRONG> (Thumb, 140 bytes, Stack size 16 bytes, lto-llvm-295afc.o(.text.CANFD_GetDefaultConfig))
<BR><BR>[Stack]<UL><LI>Max Depth = 28<LI>Call Chain = CANFD_GetDefaultConfig &rArr; CANFD_CalculateRamAddress
</UL>
<BR>[Calls]<UL><LI><a href="#[3c]">&gt;&gt;</a>&nbsp;&nbsp;&nbsp;__aeabi_memclr4
<LI><a href="#[42]">&gt;&gt;</a>&nbsp;&nbsp;&nbsp;CANFD_CalculateRamAddress
</UL>
<BR>[Called By]<UL><LI><a href="#[5f]">&gt;&gt;</a>&nbsp;&nbsp;&nbsp;CAN_Init
</UL>

<P><STRONG><a name="[4c]"></a>CANFD_Open</STRONG> (Thumb, 504 bytes, Stack size 32 bytes, lto-llvm-295afc.o(.text.CANFD_Open))
<BR><BR>[Stack]<UL><LI>Max Depth = 140<LI>Call Chain = CANFD_Open &rArr; CANFD_CalculateTimingValues &rArr; CANFD_GetSegments &rArr; __aeabi_ui2f &rArr; _float_epilogue
</UL>
<BR>[Calls]<UL><LI><a href="#[55]">&gt;&gt;</a>&nbsp;&nbsp;&nbsp;CANFD_SetGFC
<LI><a href="#[4f]">&gt;&gt;</a>&nbsp;&nbsp;&nbsp;CLK_EnableModuleClock
<LI><a href="#[50]">&gt;&gt;</a>&nbsp;&nbsp;&nbsp;SYS_ResetModule
<LI><a href="#[54]">&gt;&gt;</a>&nbsp;&nbsp;&nbsp;CANFD_InitTxEvntFifo
<LI><a href="#[4a]">&gt;&gt;</a>&nbsp;&nbsp;&nbsp;CANFD_InitRxFifo
<LI><a href="#[49]">&gt;&gt;</a>&nbsp;&nbsp;&nbsp;CANFD_InitRxDBuf
<LI><a href="#[4b]">&gt;&gt;</a>&nbsp;&nbsp;&nbsp;CANFD_InitTxDBuf
<LI><a href="#[3d]">&gt;&gt;</a>&nbsp;&nbsp;&nbsp;CANFD_ConfigXIDFC
<LI><a href="#[3b]">&gt;&gt;</a>&nbsp;&nbsp;&nbsp;CANFD_ConfigSIDFC
<LI><a href="#[52]">&gt;&gt;</a>&nbsp;&nbsp;&nbsp;CANFD_SetTimingConfig
<LI><a href="#[39]">&gt;&gt;</a>&nbsp;&nbsp;&nbsp;CANFD_CalculateTimingValues
<LI><a href="#[51]">&gt;&gt;</a>&nbsp;&nbsp;&nbsp;SYS_LockReg.176
<LI><a href="#[4e]">&gt;&gt;</a>&nbsp;&nbsp;&nbsp;SYS_UnlockReg.175
<LI><a href="#[45]">&gt;&gt;</a>&nbsp;&nbsp;&nbsp;CANFD_GetSourceClock
<LI><a href="#[53]">&gt;&gt;</a>&nbsp;&nbsp;&nbsp;CANFD_Open_TDC
<LI><a href="#[4d]">&gt;&gt;</a>&nbsp;&nbsp;&nbsp;SYS_IsRegLocked
</UL>
<BR>[Called By]<UL><LI><a href="#[5f]">&gt;&gt;</a>&nbsp;&nbsp;&nbsp;CAN_Init
</UL>

<P><STRONG><a name="[55]"></a>CANFD_SetGFC</STRONG> (Thumb, 60 bytes, Stack size 36 bytes, lto-llvm-295afc.o(.text.CANFD_SetGFC))
<BR><BR>[Stack]<UL><LI>Max Depth = 36<LI>Call Chain = CANFD_SetGFC
</UL>
<BR>[Called By]<UL><LI><a href="#[4c]">&gt;&gt;</a>&nbsp;&nbsp;&nbsp;CANFD_Open
<LI><a href="#[5f]">&gt;&gt;</a>&nbsp;&nbsp;&nbsp;CAN_Init
</UL>

<P><STRONG><a name="[62]"></a>CANFD_EnableInt</STRONG> (Thumb, 104 bytes, Stack size 20 bytes, lto-llvm-295afc.o(.text.CANFD_EnableInt))
<BR><BR>[Stack]<UL><LI>Max Depth = 20<LI>Call Chain = CANFD_EnableInt
</UL>
<BR>[Called By]<UL><LI><a href="#[5f]">&gt;&gt;</a>&nbsp;&nbsp;&nbsp;CAN_Init
</UL>

<P><STRONG><a name="[63]"></a>__NVIC_EnableIRQ.112</STRONG> (Thumb, 48 bytes, Stack size 4 bytes, lto-llvm-295afc.o(.text.__NVIC_EnableIRQ.112))
<BR><BR>[Stack]<UL><LI>Max Depth = 4<LI>Call Chain = __NVIC_EnableIRQ.112
</UL>
<BR>[Called By]<UL><LI><a href="#[5f]">&gt;&gt;</a>&nbsp;&nbsp;&nbsp;CAN_Init
</UL>

<P><STRONG><a name="[64]"></a>CANFD_RunToNormal</STRONG> (Thumb, 124 bytes, Stack size 16 bytes, lto-llvm-295afc.o(.text.CANFD_RunToNormal))
<BR><BR>[Stack]<UL><LI>Max Depth = 16<LI>Call Chain = CANFD_RunToNormal
</UL>
<BR>[Called By]<UL><LI><a href="#[5f]">&gt;&gt;</a>&nbsp;&nbsp;&nbsp;CAN_Init
</UL>

<P><STRONG><a name="[6a]"></a>CLK_EnablePLL</STRONG> (Thumb, 476 bytes, Stack size 72 bytes, lto-llvm-295afc.o(.text.CLK_EnablePLL))
<BR><BR>[Stack]<UL><LI>Max Depth = 84<LI>Call Chain = CLK_EnablePLL &rArr; CLK_WaitClockReady
</UL>
<BR>[Calls]<UL><LI><a href="#[6b]">&gt;&gt;</a>&nbsp;&nbsp;&nbsp;CLK_WaitClockReady
</UL>
<BR>[Called By]<UL><LI><a href="#[70]">&gt;&gt;</a>&nbsp;&nbsp;&nbsp;CLK_SetCoreClock
</UL>

<P><STRONG><a name="[4d]"></a>SYS_IsRegLocked</STRONG> (Thumb, 16 bytes, Stack size 0 bytes, lto-llvm-295afc.o(.text.SYS_IsRegLocked))
<BR><BR>[Called By]<UL><LI><a href="#[4c]">&gt;&gt;</a>&nbsp;&nbsp;&nbsp;CANFD_Open
</UL>

<P><STRONG><a name="[82]"></a>SendChar_ToUART</STRONG> (Thumb, 64 bytes, Stack size 4 bytes, lto-llvm-295afc.o(.text.SendChar_ToUART))
<BR><BR>[Stack]<UL><LI>Max Depth = 4<LI>Call Chain = SendChar_ToUART
</UL>
<BR>[Called By]<UL><LI><a href="#[81]">&gt;&gt;</a>&nbsp;&nbsp;&nbsp;SendChar
</UL>

<P><STRONG><a name="[81]"></a>SendChar</STRONG> (Thumb, 16 bytes, Stack size 16 bytes, lto-llvm-295afc.o(.text.SendChar))
<BR><BR>[Stack]<UL><LI>Max Depth = 20<LI>Call Chain = SendChar &rArr; SendChar_ToUART
</UL>
<BR>[Calls]<UL><LI><a href="#[82]">&gt;&gt;</a>&nbsp;&nbsp;&nbsp;SendChar_ToUART
</UL>
<BR>[Called By]<UL><LI><a href="#[f]">&gt;&gt;</a>&nbsp;&nbsp;&nbsp;fputc
</UL>

<P><STRONG><a name="[a0]"></a>CLK_GetPLLClockFreq.159</STRONG> (Thumb, 148 bytes, Stack size 32 bytes, lto-llvm-295afc.o(.text.CLK_GetPLLClockFreq.159))
<BR><BR>[Stack]<UL><LI>Max Depth = 32<LI>Call Chain = CLK_GetPLLClockFreq.159
</UL>
<BR>[Called By]<UL><LI><a href="#[9d]">&gt;&gt;</a>&nbsp;&nbsp;&nbsp;UART_Open
</UL>

<P><STRONG><a name="[8b]"></a>TIMER_GetModuleClock</STRONG> (Thumb, 180 bytes, Stack size 64 bytes, lto-llvm-295afc.o(.text.TIMER_GetModuleClock))
<BR><BR>[Stack]<UL><LI>Max Depth = 136<LI>Call Chain = TIMER_GetModuleClock &rArr; CLK_GetPCLK1Freq &rArr; SystemCoreClockUpdate &rArr; CLK_GetPLLClockFreq
</UL>
<BR>[Calls]<UL><LI><a href="#[6f]">&gt;&gt;</a>&nbsp;&nbsp;&nbsp;CLK_GetPCLK1Freq
<LI><a href="#[6e]">&gt;&gt;</a>&nbsp;&nbsp;&nbsp;CLK_GetPCLK0Freq
</UL>
<BR>[Called By]<UL><LI><a href="#[8a]">&gt;&gt;</a>&nbsp;&nbsp;&nbsp;TIMER_Open
</UL>

<P><STRONG><a name="[42]"></a>CANFD_CalculateRamAddress</STRONG> (Thumb, 218 bytes, Stack size 12 bytes, lto-llvm-295afc.o(.text.CANFD_CalculateRamAddress))
<BR><BR>[Stack]<UL><LI>Max Depth = 12<LI>Call Chain = CANFD_CalculateRamAddress
</UL>
<BR>[Called By]<UL><LI><a href="#[41]">&gt;&gt;</a>&nbsp;&nbsp;&nbsp;CANFD_GetDefaultConfig
</UL>

<P><STRONG><a name="[53]"></a>CANFD_Open_TDC</STRONG> (Thumb, 92 bytes, Stack size 12 bytes, lto-llvm-295afc.o(.text.CANFD_Open_TDC))
<BR><BR>[Stack]<UL><LI>Max Depth = 12<LI>Call Chain = CANFD_Open_TDC
</UL>
<BR>[Called By]<UL><LI><a href="#[4c]">&gt;&gt;</a>&nbsp;&nbsp;&nbsp;CANFD_Open
</UL>

<P><STRONG><a name="[45]"></a>CANFD_GetSourceClock</STRONG> (Thumb, 156 bytes, Stack size 24 bytes, lto-llvm-295afc.o(.text.CANFD_GetSourceClock))
<BR><BR>[Stack]<UL><LI>Max Depth = 88<LI>Call Chain = CANFD_GetSourceClock &rArr; CLK_GetHCLKFreq &rArr; SystemCoreClockUpdate &rArr; CLK_GetPLLClockFreq
</UL>
<BR>[Calls]<UL><LI><a href="#[46]">&gt;&gt;</a>&nbsp;&nbsp;&nbsp;CLK_GetModuleClockSource
<LI><a href="#[48]">&gt;&gt;</a>&nbsp;&nbsp;&nbsp;CLK_GetHCLKFreq
<LI><a href="#[47]">&gt;&gt;</a>&nbsp;&nbsp;&nbsp;CLK_GetPLLClockFreq.179
</UL>
<BR>[Called By]<UL><LI><a href="#[4c]">&gt;&gt;</a>&nbsp;&nbsp;&nbsp;CANFD_Open
</UL>

<P><STRONG><a name="[4e]"></a>SYS_UnlockReg.175</STRONG> (Thumb, 52 bytes, Stack size 4 bytes, lto-llvm-295afc.o(.text.SYS_UnlockReg.175))
<BR><BR>[Stack]<UL><LI>Max Depth = 4<LI>Call Chain = SYS_UnlockReg.175
</UL>
<BR>[Called By]<UL><LI><a href="#[4c]">&gt;&gt;</a>&nbsp;&nbsp;&nbsp;CANFD_Open
</UL>

<P><STRONG><a name="[51]"></a>SYS_LockReg.176</STRONG> (Thumb, 8 bytes, Stack size 0 bytes, lto-llvm-295afc.o(.text.SYS_LockReg.176))
<BR><BR>[Called By]<UL><LI><a href="#[4c]">&gt;&gt;</a>&nbsp;&nbsp;&nbsp;CANFD_Open
</UL>

<P><STRONG><a name="[39]"></a>CANFD_CalculateTimingValues</STRONG> (Thumb, 380 bytes, Stack size 56 bytes, lto-llvm-295afc.o(.text.CANFD_CalculateTimingValues))
<BR><BR>[Stack]<UL><LI>Max Depth = 108<LI>Call Chain = CANFD_CalculateTimingValues &rArr; CANFD_GetSegments &rArr; __aeabi_ui2f &rArr; _float_epilogue
</UL>
<BR>[Calls]<UL><LI><a href="#[3a]">&gt;&gt;</a>&nbsp;&nbsp;&nbsp;CANFD_GetSegments
</UL>
<BR>[Called By]<UL><LI><a href="#[4c]">&gt;&gt;</a>&nbsp;&nbsp;&nbsp;CANFD_Open
</UL>

<P><STRONG><a name="[52]"></a>CANFD_SetTimingConfig</STRONG> (Thumb, 228 bytes, Stack size 8 bytes, lto-llvm-295afc.o(.text.CANFD_SetTimingConfig))
<BR><BR>[Stack]<UL><LI>Max Depth = 8<LI>Call Chain = CANFD_SetTimingConfig
</UL>
<BR>[Called By]<UL><LI><a href="#[4c]">&gt;&gt;</a>&nbsp;&nbsp;&nbsp;CANFD_Open
</UL>

<P><STRONG><a name="[3b]"></a>CANFD_ConfigSIDFC</STRONG> (Thumb, 68 bytes, Stack size 24 bytes, lto-llvm-295afc.o(.text.CANFD_ConfigSIDFC))
<BR><BR>[Stack]<UL><LI>Max Depth = 24<LI>Call Chain = CANFD_ConfigSIDFC
</UL>
<BR>[Calls]<UL><LI><a href="#[3c]">&gt;&gt;</a>&nbsp;&nbsp;&nbsp;__aeabi_memclr4
</UL>
<BR>[Called By]<UL><LI><a href="#[4c]">&gt;&gt;</a>&nbsp;&nbsp;&nbsp;CANFD_Open
</UL>

<P><STRONG><a name="[3d]"></a>CANFD_ConfigXIDFC</STRONG> (Thumb, 68 bytes, Stack size 24 bytes, lto-llvm-295afc.o(.text.CANFD_ConfigXIDFC))
<BR><BR>[Stack]<UL><LI>Max Depth = 24<LI>Call Chain = CANFD_ConfigXIDFC
</UL>
<BR>[Calls]<UL><LI><a href="#[3c]">&gt;&gt;</a>&nbsp;&nbsp;&nbsp;__aeabi_memclr4
</UL>
<BR>[Called By]<UL><LI><a href="#[4c]">&gt;&gt;</a>&nbsp;&nbsp;&nbsp;CANFD_Open
</UL>

<P><STRONG><a name="[4b]"></a>CANFD_InitTxDBuf</STRONG> (Thumb, 124 bytes, Stack size 40 bytes, lto-llvm-295afc.o(.text.CANFD_InitTxDBuf))
<BR><BR>[Stack]<UL><LI>Max Depth = 40<LI>Call Chain = CANFD_InitTxDBuf
</UL>
<BR>[Calls]<UL><LI><a href="#[3c]">&gt;&gt;</a>&nbsp;&nbsp;&nbsp;__aeabi_memclr4
</UL>
<BR>[Called By]<UL><LI><a href="#[4c]">&gt;&gt;</a>&nbsp;&nbsp;&nbsp;CANFD_Open
</UL>

<P><STRONG><a name="[49]"></a>CANFD_InitRxDBuf</STRONG> (Thumb, 120 bytes, Stack size 32 bytes, lto-llvm-295afc.o(.text.CANFD_InitRxDBuf))
<BR><BR>[Stack]<UL><LI>Max Depth = 32<LI>Call Chain = CANFD_InitRxDBuf
</UL>
<BR>[Calls]<UL><LI><a href="#[3c]">&gt;&gt;</a>&nbsp;&nbsp;&nbsp;__aeabi_memclr4
</UL>
<BR>[Called By]<UL><LI><a href="#[4c]">&gt;&gt;</a>&nbsp;&nbsp;&nbsp;CANFD_Open
</UL>

<P><STRONG><a name="[4a]"></a>CANFD_InitRxFifo</STRONG> (Thumb, 340 bytes, Stack size 40 bytes, lto-llvm-295afc.o(.text.CANFD_InitRxFifo))
<BR><BR>[Stack]<UL><LI>Max Depth = 40<LI>Call Chain = CANFD_InitRxFifo
</UL>
<BR>[Calls]<UL><LI><a href="#[3c]">&gt;&gt;</a>&nbsp;&nbsp;&nbsp;__aeabi_memclr4
</UL>
<BR>[Called By]<UL><LI><a href="#[4c]">&gt;&gt;</a>&nbsp;&nbsp;&nbsp;CANFD_Open
</UL>

<P><STRONG><a name="[54]"></a>CANFD_InitTxEvntFifo</STRONG> (Thumb, 44 bytes, Stack size 16 bytes, lto-llvm-295afc.o(.text.CANFD_InitTxEvntFifo))
<BR><BR>[Stack]<UL><LI>Max Depth = 16<LI>Call Chain = CANFD_InitTxEvntFifo
</UL>
<BR>[Called By]<UL><LI><a href="#[4c]">&gt;&gt;</a>&nbsp;&nbsp;&nbsp;CANFD_Open
</UL>

<P><STRONG><a name="[47]"></a>CLK_GetPLLClockFreq.179</STRONG> (Thumb, 148 bytes, Stack size 32 bytes, lto-llvm-295afc.o(.text.CLK_GetPLLClockFreq.179))
<BR><BR>[Stack]<UL><LI>Max Depth = 32<LI>Call Chain = CLK_GetPLLClockFreq.179
</UL>
<BR>[Called By]<UL><LI><a href="#[45]">&gt;&gt;</a>&nbsp;&nbsp;&nbsp;CANFD_GetSourceClock
</UL>

<P><STRONG><a name="[3a]"></a>CANFD_GetSegments</STRONG> (Thumb, 244 bytes, Stack size 32 bytes, lto-llvm-295afc.o(.text.CANFD_GetSegments))
<BR><BR>[Stack]<UL><LI>Max Depth = 52<LI>Call Chain = CANFD_GetSegments &rArr; __aeabi_ui2f &rArr; _float_epilogue
</UL>
<BR>[Calls]<UL><LI><a href="#[44]">&gt;&gt;</a>&nbsp;&nbsp;&nbsp;__aeabi_f2iz
<LI><a href="#[43]">&gt;&gt;</a>&nbsp;&nbsp;&nbsp;__aeabi_fmul
<LI><a href="#[25]">&gt;&gt;</a>&nbsp;&nbsp;&nbsp;__aeabi_ui2f
</UL>
<BR>[Called By]<UL><LI><a href="#[39]">&gt;&gt;</a>&nbsp;&nbsp;&nbsp;CANFD_CalculateTimingValues
</UL>

<P><STRONG><a name="[57]"></a>CANFD_TransmitDMsg</STRONG> (Thumb, 328 bytes, Stack size 40 bytes, lto-llvm-295afc.o(.text.CANFD_TransmitDMsg))
<BR><BR>[Stack]<UL><LI>Max Depth = 48<LI>Call Chain = CANFD_TransmitDMsg &rArr; CANFD_EncodeDLC
</UL>
<BR>[Calls]<UL><LI><a href="#[58]">&gt;&gt;</a>&nbsp;&nbsp;&nbsp;CANFD_EncodeDLC
</UL>
<BR>[Called By]<UL><LI><a href="#[59]">&gt;&gt;</a>&nbsp;&nbsp;&nbsp;CANFD_TransmitTxMsg
</UL>

<P><STRONG><a name="[58]"></a>CANFD_EncodeDLC</STRONG> (Thumb, 146 bytes, Stack size 8 bytes, lto-llvm-295afc.o(.text.CANFD_EncodeDLC))
<BR><BR>[Stack]<UL><LI>Max Depth = 8<LI>Call Chain = CANFD_EncodeDLC
</UL>
<BR>[Called By]<UL><LI><a href="#[57]">&gt;&gt;</a>&nbsp;&nbsp;&nbsp;CANFD_TransmitDMsg
</UL>

<P><STRONG><a name="[3e]"></a>CANFD_CopyDBufToMsgBuf</STRONG> (Thumb, 252 bytes, Stack size 24 bytes, lto-llvm-295afc.o(.text.CANFD_CopyDBufToMsgBuf))
<BR><BR>[Stack]<UL><LI>Max Depth = 32<LI>Call Chain = CANFD_CopyDBufToMsgBuf &rArr; CANFD_DecodeDLC
</UL>
<BR>[Calls]<UL><LI><a href="#[3f]">&gt;&gt;</a>&nbsp;&nbsp;&nbsp;CANFD_DecodeDLC
</UL>
<BR>[Called By]<UL><LI><a href="#[40]">&gt;&gt;</a>&nbsp;&nbsp;&nbsp;CANFD_CopyRxFifoToMsgBuf
</UL>

<P><STRONG><a name="[3f]"></a>CANFD_DecodeDLC</STRONG> (Thumb, 146 bytes, Stack size 8 bytes, lto-llvm-295afc.o(.text.CANFD_DecodeDLC))
<BR><BR>[Stack]<UL><LI>Max Depth = 8<LI>Call Chain = CANFD_DecodeDLC
</UL>
<BR>[Called By]<UL><LI><a href="#[3e]">&gt;&gt;</a>&nbsp;&nbsp;&nbsp;CANFD_CopyDBufToMsgBuf
</UL>

<P><STRONG><a name="[40]"></a>CANFD_CopyRxFifoToMsgBuf</STRONG> (Thumb, 20 bytes, Stack size 16 bytes, lto-llvm-295afc.o(.text.CANFD_CopyRxFifoToMsgBuf))
<BR><BR>[Stack]<UL><LI>Max Depth = 48<LI>Call Chain = CANFD_CopyRxFifoToMsgBuf &rArr; CANFD_CopyDBufToMsgBuf &rArr; CANFD_DecodeDLC
</UL>
<BR>[Calls]<UL><LI><a href="#[3e]">&gt;&gt;</a>&nbsp;&nbsp;&nbsp;CANFD_CopyDBufToMsgBuf
</UL>
<BR>[Called By]<UL><LI><a href="#[56]">&gt;&gt;</a>&nbsp;&nbsp;&nbsp;CANFD_ReadRxFifoMsg
</UL>

<P><STRONG><a name="[78]"></a>CLK_GetPLLClockFreq.197</STRONG> (Thumb, 148 bytes, Stack size 32 bytes, lto-llvm-295afc.o(.text.CLK_GetPLLClockFreq.197))
<BR><BR>[Stack]<UL><LI>Max Depth = 32<LI>Call Chain = CLK_GetPLLClockFreq.197
</UL>
<BR>[Called By]<UL><LI><a href="#[77]">&gt;&gt;</a>&nbsp;&nbsp;&nbsp;PWM_ConfigOutputChannel
</UL>
<P>
<H3>
Undefined Global Symbols
</H3><HR></body></html>
